ARM Linker, 5.03 [Build 76] [MDK-ARM Lite]

==============================================================================

Section Cross References

    startup.o(RESET) refers to startup.o(STACK) for StackMem
    startup.o(RESET) refers to sound.o(i.SysTick_Handler) for SysTick_Handler
    startup.o(RESET) refers to entry.o(.ARM.Collect$$$$00000000) for __main
    st7735.o(i.Output_Clear) refers to st7735.o(i.ST7735_FillScreen) for ST7735_FillScreen
    st7735.o(i.Output_Color) refers to st7735.o(i.ST7735_SetTextColor) for ST7735_SetTextColor
    st7735.o(i.Output_Init) refers to st7735.o(i.ST7735_InitR) for ST7735_InitR
    st7735.o(i.Output_Init) refers to st7735.o(i.ST7735_FillScreen) for ST7735_FillScreen
    st7735.o(i.Output_Off) refers to st7735.o(i.Output_Clear) for Output_Clear
    st7735.o(i.Output_On) refers to st7735.o(i.Output_Init) for Output_Init
    st7735.o(i.ST7735_DrawBitmap) refers to st7735.o(i.setAddrWindow) for setAddrWindow
    st7735.o(i.ST7735_DrawBitmap) refers to lcd.o(i.writedata) for writedata
    st7735.o(i.ST7735_DrawBitmap) refers to st7735.o(.data) for _width
    st7735.o(i.ST7735_DrawChar) refers to st7735.o(i.setAddrWindow) for setAddrWindow
    st7735.o(i.ST7735_DrawChar) refers to st7735.o(i.pushColor) for pushColor
    st7735.o(i.ST7735_DrawChar) refers to st7735.o(.data) for _width
    st7735.o(i.ST7735_DrawChar) refers to st7735.o(.constdata) for Font
    st7735.o(i.ST7735_DrawCharS) refers to st7735.o(i.ST7735_DrawPixel) for ST7735_DrawPixel
    st7735.o(i.ST7735_DrawCharS) refers to st7735.o(i.ST7735_FillRect) for ST7735_FillRect
    st7735.o(i.ST7735_DrawCharS) refers to st7735.o(.data) for _width
    st7735.o(i.ST7735_DrawCharS) refers to st7735.o(.constdata) for Font
    st7735.o(i.ST7735_DrawCircle) refers to st7735.o(i.ST7735_DrawPixel) for ST7735_DrawPixel
    st7735.o(i.ST7735_DrawCircle) refers to st7735.o(i.square) for square
    st7735.o(i.ST7735_DrawDiamond) refers to st7735.o(i.ST7735_DrawPixel) for ST7735_DrawPixel
    st7735.o(i.ST7735_DrawDiamond) refers to st7735.o(.data) for _width
    st7735.o(i.ST7735_DrawECircle) refers to st7735.o(i.square) for square
    st7735.o(i.ST7735_DrawECircle) refers to st7735.o(i.ST7735_DrawPixel) for ST7735_DrawPixel
    st7735.o(i.ST7735_DrawFastHLine) refers to st7735.o(i.setAddrWindow) for setAddrWindow
    st7735.o(i.ST7735_DrawFastHLine) refers to lcd.o(i.writedata) for writedata
    st7735.o(i.ST7735_DrawFastHLine) refers to st7735.o(.data) for _width
    st7735.o(i.ST7735_DrawFastVLine) refers to st7735.o(i.setAddrWindow) for setAddrWindow
    st7735.o(i.ST7735_DrawFastVLine) refers to lcd.o(i.writedata) for writedata
    st7735.o(i.ST7735_DrawFastVLine) refers to st7735.o(.data) for _width
    st7735.o(i.ST7735_DrawHRect) refers to st7735.o(i.ST7735_DrawPixel) for ST7735_DrawPixel
    st7735.o(i.ST7735_DrawPixel) refers to st7735.o(i.setAddrWindow) for setAddrWindow
    st7735.o(i.ST7735_DrawPixel) refers to st7735.o(i.pushColor) for pushColor
    st7735.o(i.ST7735_DrawPixel) refers to st7735.o(.data) for _width
    st7735.o(i.ST7735_DrawString) refers to st7735.o(i.ST7735_DrawCharS) for ST7735_DrawCharS
    st7735.o(i.ST7735_FillRect) refers to st7735.o(i.setAddrWindow) for setAddrWindow
    st7735.o(i.ST7735_FillRect) refers to lcd.o(i.writedata) for writedata
    st7735.o(i.ST7735_FillRect) refers to st7735.o(.data) for _width
    st7735.o(i.ST7735_FillScreen) refers to st7735.o(i.ST7735_FillRect) for ST7735_FillRect
    st7735.o(i.ST7735_FillScreen) refers to st7735.o(.data) for _height
    st7735.o(i.ST7735_InitB) refers to st7735.o(i.commonInit) for commonInit
    st7735.o(i.ST7735_InitB) refers to st7735.o(i.ST7735_SetCursor) for ST7735_SetCursor
    st7735.o(i.ST7735_InitB) refers to st7735.o(i.ST7735_FillScreen) for ST7735_FillScreen
    st7735.o(i.ST7735_InitB) refers to st7735.o(.constdata) for Bcmd
    st7735.o(i.ST7735_InitB) refers to st7735.o(.data) for StTextColor
    st7735.o(i.ST7735_InitR) refers to st7735.o(i.commonInit) for commonInit
    st7735.o(i.ST7735_InitR) refers to st7735.o(i.commandList) for commandList
    st7735.o(i.ST7735_InitR) refers to lcd.o(i.writecommand) for writecommand
    st7735.o(i.ST7735_InitR) refers to lcd.o(i.writedata) for writedata
    st7735.o(i.ST7735_InitR) refers to st7735.o(i.ST7735_SetCursor) for ST7735_SetCursor
    st7735.o(i.ST7735_InitR) refers to st7735.o(i.ST7735_FillScreen) for ST7735_FillScreen
    st7735.o(i.ST7735_InitR) refers to st7735.o(.constdata) for Rcmd1
    st7735.o(i.ST7735_InitR) refers to st7735.o(.data) for ColStart
    st7735.o(i.ST7735_InvertDisplay) refers to lcd.o(i.writecommand) for writecommand
    st7735.o(i.ST7735_MoveBPaddle) refers to st7735.o(i.ST7735_FillRect) for ST7735_FillRect
    st7735.o(i.ST7735_MoveCBall) refers to st7735.o(i.ST7735_DrawCircle) for ST7735_DrawCircle
    st7735.o(i.ST7735_MoveCursor) refers to st7735.o(i.ST7735_DrawECircle) for ST7735_DrawECircle
    st7735.o(i.ST7735_MoveCursor2) refers to st7735.o(i.ST7735_DrawECircle) for ST7735_DrawECircle
    st7735.o(i.ST7735_MoveCursorT) refers to st7735.o(i.ST7735_DrawECircle) for ST7735_DrawECircle
    st7735.o(i.ST7735_MoveRPaddle) refers to st7735.o(i.ST7735_FillRect) for ST7735_FillRect
    st7735.o(i.ST7735_MoveSBall) refers to st7735.o(i.ST7735_FillRect) for ST7735_FillRect
    st7735.o(i.ST7735_OutChar) refers to st7735.o(i.ST7735_DrawString) for ST7735_DrawString
    st7735.o(i.ST7735_OutChar) refers to st7735.o(i.ST7735_DrawCharS) for ST7735_DrawCharS
    st7735.o(i.ST7735_OutChar) refers to st7735.o(.data) for StY
    st7735.o(i.ST7735_OutString) refers to st7735.o(i.ST7735_OutChar) for ST7735_OutChar
    st7735.o(i.ST7735_OutUDec) refers to st7735.o(i.fillmessage) for fillmessage
    st7735.o(i.ST7735_OutUDec) refers to st7735.o(i.ST7735_DrawString) for ST7735_DrawString
    st7735.o(i.ST7735_OutUDec) refers to st7735.o(i.ST7735_DrawCharS) for ST7735_DrawCharS
    st7735.o(i.ST7735_OutUDec) refers to st7735.o(.data) for Messageindex
    st7735.o(i.ST7735_OutUDec) refers to st7735.o(.bss) for Message
    st7735.o(i.ST7735_PlotBar) refers to st7735.o(i.ST7735_DrawFastVLine) for ST7735_DrawFastVLine
    st7735.o(i.ST7735_PlotBar) refers to st7735.o(.data) for Ymin
    st7735.o(i.ST7735_PlotClear) refers to st7735.o(i.ST7735_Color565) for ST7735_Color565
    st7735.o(i.ST7735_PlotClear) refers to st7735.o(i.ST7735_FillRect) for ST7735_FillRect
    st7735.o(i.ST7735_PlotClear) refers to st7735.o(.data) for Ymax
    st7735.o(i.ST7735_PlotLine) refers to st7735.o(i.ST7735_DrawPixel) for ST7735_DrawPixel
    st7735.o(i.ST7735_PlotLine) refers to st7735.o(.data) for Ymin
    st7735.o(i.ST7735_PlotNext) refers to st7735.o(.data) for X
    st7735.o(i.ST7735_PlotNextErase) refers to st7735.o(i.ST7735_Color565) for ST7735_Color565
    st7735.o(i.ST7735_PlotNextErase) refers to st7735.o(i.ST7735_DrawFastVLine) for ST7735_DrawFastVLine
    st7735.o(i.ST7735_PlotNextErase) refers to st7735.o(.data) for X
    st7735.o(i.ST7735_PlotPoint) refers to st7735.o(i.ST7735_DrawPixel) for ST7735_DrawPixel
    st7735.o(i.ST7735_PlotPoint) refers to st7735.o(.data) for Ymin
    st7735.o(i.ST7735_PlotPoints) refers to st7735.o(i.ST7735_DrawPixel) for ST7735_DrawPixel
    st7735.o(i.ST7735_PlotPoints) refers to st7735.o(.data) for Ymin
    st7735.o(i.ST7735_PlotdBfs) refers to st7735.o(i.ST7735_DrawFastVLine) for ST7735_DrawFastVLine
    st7735.o(i.ST7735_PlotdBfs) refers to st7735.o(.constdata) for dBfs
    st7735.o(i.ST7735_PlotdBfs) refers to st7735.o(.data) for X
    st7735.o(i.ST7735_SetCursor) refers to st7735.o(.data) for StX
    st7735.o(i.ST7735_SetRotation) refers to lcd.o(i.writecommand) for writecommand
    st7735.o(i.ST7735_SetRotation) refers to lcd.o(i.writedata) for writedata
    st7735.o(i.ST7735_SetRotation) refers to st7735.o(.data) for Rotation
    st7735.o(i.ST7735_SetTextColor) refers to st7735.o(.data) for StTextColor
    st7735.o(i.commandList) refers to lcd.o(i.writecommand) for writecommand
    st7735.o(i.commandList) refers to lcd.o(i.writedata) for writedata
    st7735.o(i.commandList) refers to st7735.o(i.Delay1ms) for Delay1ms
    st7735.o(i.commonInit) refers to st7735.o(i.Delay1ms) for Delay1ms
    st7735.o(i.commonInit) refers to st7735.o(i.commandList) for commandList
    st7735.o(i.commonInit) refers to st7735.o(.data) for RowStart
    st7735.o(i.fillmessage) refers to st7735.o(.bss) for Message
    st7735.o(i.fillmessage) refers to st7735.o(.data) for Messageindex
    st7735.o(i.fputc) refers to st7735.o(i.ST7735_OutChar) for ST7735_OutChar
    st7735.o(i.pushColor) refers to lcd.o(i.writedata) for writedata
    st7735.o(i.setAddrWindow) refers to lcd.o(i.writecommand) for writecommand
    st7735.o(i.setAddrWindow) refers to lcd.o(i.writedata) for writedata
    st7735.o(i.setAddrWindow) refers to st7735.o(.data) for ColStart
    print.o(i.LCD_OutDec) refers to st7735.o(i.ST7735_OutChar) for ST7735_OutChar
    print.o(i.LCD_OutDec) refers to print.o(.data) for i
    print.o(i.LCD_OutFix) refers to st7735.o(i.ST7735_OutChar) for ST7735_OutChar
    lab6.o(i.main) refers to pll.o(i.PLL_Init) for PLL_Init
    lab6.o(i.main) refers to adcswtrigger.o(i.ADC_Init89) for ADC_Init89
    lab6.o(i.main) refers to io.o(i.IO_Init) for IO_Init
    lab6.o(i.main) refers to st7735.o(i.ST7735_InitR) for ST7735_InitR
    lab6.o(i.main) refers to st7735.o(i.ST7735_FillScreen) for ST7735_FillScreen
    lab6.o(i.main) refers to st7735.o(i.ST7735_SetCursor) for ST7735_SetCursor
    lab6.o(i.main) refers to st7735.o(i.ST7735_OutString) for ST7735_OutString
    lab6.o(i.main) refers to st7735.o(i.ST7735_DrawHRect) for ST7735_DrawHRect
    lab6.o(i.main) refers to adcswtrigger.o(i.ADC_In89) for ADC_In89
    lab6.o(i.main) refers to st7735.o(i.ST7735_DrawECircle) for ST7735_DrawECircle
    lab6.o(i.main) refers to io.o(i.IO_Touch) for IO_Touch
    lab6.o(i.main) refers to st7735.o(i.ST7735_MoveCursorT) for ST7735_MoveCursorT
    lab6.o(i.main) refers to lab6.o(.bss) for data
    lab6.o(i.main) refers to lab6.o(.data) for tutorial
    lab6.o(i.main) refers to st7735.o(i.ST7735_DrawCircle) for ST7735_DrawCircle
    lab6.o(i.main) refers to st7735.o(i.ST7735_MoveCursor2) for ST7735_MoveCursor2
    lab6.o(i.main) refers to print.o(i.LCD_OutDec) for LCD_OutDec
    lab6.o(i.main) refers to st7735.o(i.ST7735_MoveCursor) for ST7735_MoveCursor
    lab6.o(i.possible_moves) refers to lab6.o(.data) for game
    sound.o(i.Sound_Init) refers to dac.o(i.DAC_Init) for DAC_Init
    sound.o(i.Sound_Play) refers to sound.o(.data) for sound
    sound.o(i.SysTick_Handler) refers to dac.o(i.DAC_Out) for DAC_Out
    sound.o(i.SysTick_Handler) refers to sound.o(.data) for sound
    entry.o(.ARM.Collect$$$$00000000) refers (Special) to entry10a.o(.ARM.Collect$$$$0000000D) for __rt_final_cpp
    entry.o(.ARM.Collect$$$$00000000) refers (Special) to entry11a.o(.ARM.Collect$$$$0000000F) for __rt_final_exit
    entry.o(.ARM.Collect$$$$00000000) refers (Special) to entry7b.o(.ARM.Collect$$$$00000008) for _main_clock
    entry.o(.ARM.Collect$$$$00000000) refers (Special) to entry8b.o(.ARM.Collect$$$$0000000A) for _main_cpp_init
    entry.o(.ARM.Collect$$$$00000000) refers (Special) to entry9a.o(.ARM.Collect$$$$0000000B) for _main_init
    entry.o(.ARM.Collect$$$$00000000) refers (Special) to entry5.o(.ARM.Collect$$$$00000004) for _main_scatterload
    entry.o(.ARM.Collect$$$$00000000) refers (Special) to entry2.o(.ARM.Collect$$$$00000001) for _main_stk
    entry2.o(.ARM.Collect$$$$00000001) refers to entry2.o(.ARM.Collect$$$$00002712) for __lit__00000000
    entry2.o(.ARM.Collect$$$$00002712) refers to startup.o(STACK) for __initial_sp
    entry2.o(__vectab_stack_and_reset_area) refers to startup.o(STACK) for __initial_sp
    entry2.o(__vectab_stack_and_reset_area) refers to entry.o(.ARM.Collect$$$$00000000) for __main
    entry5.o(.ARM.Collect$$$$00000004) refers to init.o(.text) for __scatterload
    entry9a.o(.ARM.Collect$$$$0000000B) refers to lab6.o(i.main) for main
    entry9b.o(.ARM.Collect$$$$0000000C) refers to lab6.o(i.main) for main
    init.o(.text) refers to entry5.o(.ARM.Collect$$$$00000004) for __main_after_scatterload


==============================================================================

Removing Unused input sections from the image.

    Removing startup.o(HEAP), (0 bytes).
    Removing startup.o(.text), (28 bytes).
    Removing st7735.o(i.Output_Clear), (10 bytes).
    Removing st7735.o(i.Output_Color), (12 bytes).
    Removing st7735.o(i.Output_Init), (16 bytes).
    Removing st7735.o(i.Output_Off), (8 bytes).
    Removing st7735.o(i.Output_On), (8 bytes).
    Removing st7735.o(i.ST7735_Color565), (24 bytes).
    Removing st7735.o(i.ST7735_DrawBitmap), (288 bytes).
    Removing st7735.o(i.ST7735_DrawChar), (268 bytes).
    Removing st7735.o(i.ST7735_DrawDiamond), (176 bytes).
    Removing st7735.o(i.ST7735_DrawFastHLine), (124 bytes).
    Removing st7735.o(i.ST7735_DrawFastVLine), (124 bytes).
    Removing st7735.o(i.ST7735_InitB), (40 bytes).
    Removing st7735.o(i.ST7735_InvertDisplay), (22 bytes).
    Removing st7735.o(i.ST7735_MoveBPaddle), (72 bytes).
    Removing st7735.o(i.ST7735_MoveCBall), (44 bytes).
    Removing st7735.o(i.ST7735_MoveRPaddle), (72 bytes).
    Removing st7735.o(i.ST7735_MoveSBall), (52 bytes).
    Removing st7735.o(i.ST7735_OutUDec), (140 bytes).
    Removing st7735.o(i.ST7735_PlotBar), (88 bytes).
    Removing st7735.o(i.ST7735_PlotClear), (92 bytes).
    Removing st7735.o(i.ST7735_PlotLine), (264 bytes).
    Removing st7735.o(i.ST7735_PlotNext), (32 bytes).
    Removing st7735.o(i.ST7735_PlotNextErase), (64 bytes).
    Removing st7735.o(i.ST7735_PlotPoint), (152 bytes).
    Removing st7735.o(i.ST7735_PlotPoints), (172 bytes).
    Removing st7735.o(i.ST7735_PlotdBfs), (60 bytes).
    Removing st7735.o(i.ST7735_SetRotation), (212 bytes).
    Removing st7735.o(i.ST7735_SetTextColor), (12 bytes).
    Removing st7735.o(i.ST7735_SwapColor), (18 bytes).
    Removing st7735.o(i.ferror), (8 bytes).
    Removing st7735.o(i.fgetc), (6 bytes).
    Removing st7735.o(i.fillmessage), (72 bytes).
    Removing st7735.o(i.fputc), (16 bytes).
    Removing st7735.o(.bss), (12 bytes).
    Removing io.o(i.IO_HeartBeat), (12 bytes).
    Removing io.o(i.IO_Touch2), (32 bytes).
    Removing print.o(i.LCD_OutFix), (140 bytes).
    Removing lab6.o(i.possible_moves), (1120 bytes).
    Removing dac.o(i.DAC_Init), (60 bytes).
    Removing sound.o(i.Sound_Init), (160 bytes).
    Removing sound.o(i.Sound_Play), (12 bytes).

43 unused section(s) (total 4344 bytes) removed from the image.

==============================================================================

Image Symbol Table

    Local Symbols

    Symbol Name                              Value     Ov Type        Size  Object(Section)

    RESET                                    0x00000000   Section      644  startup.o(RESET)
    ../clib/../cmprslib/zerorunl2.c          0x00000000   Number         0  __dczerorl2.o ABSOLUTE
    ../clib/microlib/init/entry.s            0x00000000   Number         0  entry11b.o ABSOLUTE
    ../clib/microlib/init/entry.s            0x00000000   Number         0  entry9a.o ABSOLUTE
    ../clib/microlib/init/entry.s            0x00000000   Number         0  entry9b.o ABSOLUTE
    ../clib/microlib/init/entry.s            0x00000000   Number         0  entry11a.o ABSOLUTE
    ../clib/microlib/init/entry.s            0x00000000   Number         0  entry10b.o ABSOLUTE
    ../clib/microlib/init/entry.s            0x00000000   Number         0  entry10a.o ABSOLUTE
    ../clib/microlib/init/entry.s            0x00000000   Number         0  entry.o ABSOLUTE
    ../clib/microlib/init/entry.s            0x00000000   Number         0  entry2.o ABSOLUTE
    ../clib/microlib/init/entry.s            0x00000000   Number         0  entry5.o ABSOLUTE
    ../clib/microlib/init/entry.s            0x00000000   Number         0  entry7a.o ABSOLUTE
    ../clib/microlib/init/entry.s            0x00000000   Number         0  entry7b.o ABSOLUTE
    ../clib/microlib/init/entry.s            0x00000000   Number         0  entry8a.o ABSOLUTE
    ../clib/microlib/init/entry.s            0x00000000   Number         0  entry8b.o ABSOLUTE
    ADCSWTrigger.c                           0x00000000   Number         0  adcswtrigger.o ABSOLUTE
    IO.c                                     0x00000000   Number         0  io.o ABSOLUTE
    LCD.c                                    0x00000000   Number         0  lcd.o ABSOLUTE
    Lab6.c                                   0x00000000   Number         0  lab6.o ABSOLUTE
    PLL.c                                    0x00000000   Number         0  pll.o ABSOLUTE
    Print.c                                  0x00000000   Number         0  print.o ABSOLUTE
    ST7735.c                                 0x00000000   Number         0  st7735.o ABSOLUTE
    Sound.c                                  0x00000000   Number         0  sound.o ABSOLUTE
    dac.c                                    0x00000000   Number         0  dac.o ABSOLUTE
    dc.s                                     0x00000000   Number         0  dc.o ABSOLUTE
    handlers.s                               0x00000000   Number         0  handlers.o ABSOLUTE
    init.s                                   0x00000000   Number         0  init.o ABSOLUTE
    startup.s                                0x00000000   Number         0  startup.o ABSOLUTE
    .ARM.Collect$$$$00000000                 0x00000284   Section        0  entry.o(.ARM.Collect$$$$00000000)
    .ARM.Collect$$$$00000001                 0x00000284   Section        4  entry2.o(.ARM.Collect$$$$00000001)
    .ARM.Collect$$$$00000004                 0x00000288   Section        4  entry5.o(.ARM.Collect$$$$00000004)
    .ARM.Collect$$$$00000008                 0x0000028c   Section        0  entry7b.o(.ARM.Collect$$$$00000008)
    .ARM.Collect$$$$0000000A                 0x0000028c   Section        0  entry8b.o(.ARM.Collect$$$$0000000A)
    .ARM.Collect$$$$0000000B                 0x0000028c   Section        8  entry9a.o(.ARM.Collect$$$$0000000B)
    .ARM.Collect$$$$0000000D                 0x00000294   Section        0  entry10a.o(.ARM.Collect$$$$0000000D)
    .ARM.Collect$$$$0000000F                 0x00000294   Section        0  entry11a.o(.ARM.Collect$$$$0000000F)
    .ARM.Collect$$$$00002712                 0x00000294   Section        4  entry2.o(.ARM.Collect$$$$00002712)
    __lit__00000000                          0x00000294   Data           4  entry2.o(.ARM.Collect$$$$00002712)
    .text                                    0x00000298   Section       36  init.o(.text)
    .text                                    0x000002bc   Section        0  __dczerorl2.o(.text)
    i.ADC_In89                               0x00000318   Section        0  adcswtrigger.o(i.ADC_In89)
    i.ADC_Init89                             0x00000350   Section        0  adcswtrigger.o(i.ADC_Init89)
    i.DAC_Out                                0x0000043c   Section        0  dac.o(i.DAC_Out)
    i.Delay1ms                               0x00000448   Section        0  st7735.o(i.Delay1ms)
    i.IO_Init                                0x00000468   Section        0  io.o(i.IO_Init)
    i.IO_Touch                               0x00000510   Section        0  io.o(i.IO_Touch)
    i.LCD_OutDec                             0x00000530   Section        0  print.o(i.LCD_OutDec)
    i.PLL_Init                               0x00000578   Section        0  pll.o(i.PLL_Init)
    i.ST7735_DrawCharS                       0x000005f4   Section        0  st7735.o(i.ST7735_DrawCharS)
    i.ST7735_DrawCircle                      0x000006e8   Section        0  st7735.o(i.ST7735_DrawCircle)
    i.ST7735_DrawECircle                     0x000008a2   Section        0  st7735.o(i.ST7735_DrawECircle)
    i.ST7735_DrawHRect                       0x00000964   Section        0  st7735.o(i.ST7735_DrawHRect)
    i.ST7735_DrawPixel                       0x00000a20   Section        0  st7735.o(i.ST7735_DrawPixel)
    i.ST7735_DrawString                      0x00000a68   Section        0  st7735.o(i.ST7735_DrawString)
    i.ST7735_FillRect                        0x00000ac0   Section        0  st7735.o(i.ST7735_FillRect)
    i.ST7735_FillScreen                      0x00000b6c   Section        0  st7735.o(i.ST7735_FillScreen)
    i.ST7735_InitR                           0x00000b90   Section        0  st7735.o(i.ST7735_InitR)
    i.ST7735_MoveCursor                      0x00000c0c   Section        0  st7735.o(i.ST7735_MoveCursor)
    i.ST7735_MoveCursor2                     0x00000d2e   Section        0  st7735.o(i.ST7735_MoveCursor2)
    i.ST7735_MoveCursorT                     0x00000db2   Section        0  st7735.o(i.ST7735_MoveCursorT)
    i.ST7735_OutChar                         0x00000e38   Section        0  st7735.o(i.ST7735_OutChar)
    i.ST7735_OutString                       0x00000f0c   Section        0  st7735.o(i.ST7735_OutString)
    i.ST7735_SetCursor                       0x00000f24   Section        0  st7735.o(i.ST7735_SetCursor)
    i.SysTick_Handler                        0x00000f44   Section        0  sound.o(i.SysTick_Handler)
    i.__scatterload_copy                     0x00000f9c   Section       14  handlers.o(i.__scatterload_copy)
    i.__scatterload_null                     0x00000faa   Section        2  handlers.o(i.__scatterload_null)
    i.__scatterload_zeroinit                 0x00000fac   Section       14  handlers.o(i.__scatterload_zeroinit)
    i.commandList                            0x00000fba   Section        0  st7735.o(i.commandList)
    commandList                              0x00000fbb   Thumb Code    86  st7735.o(i.commandList)
    i.commonInit                             0x00001010   Section        0  st7735.o(i.commonInit)
    commonInit                               0x00001011   Thumb Code   340  st7735.o(i.commonInit)
    i.main                                   0x00001194   Section        0  lab6.o(i.main)
    i.pushColor                              0x0000532c   Section        0  st7735.o(i.pushColor)
    pushColor                                0x0000532d   Thumb Code    18  st7735.o(i.pushColor)
    i.setAddrWindow                          0x00005340   Section        0  st7735.o(i.setAddrWindow)
    setAddrWindow                            0x00005341   Thumb Code   106  st7735.o(i.setAddrWindow)
    i.square                                 0x000053b4   Section        0  st7735.o(i.square)
    i.writecommand                           0x000053dc   Section        0  lcd.o(i.writecommand)
    i.writedata                              0x00005418   Section        0  lcd.o(i.writedata)
    .constdata                               0x00005444   Section     2018  st7735.o(.constdata)
    Font                                     0x00005444   Data        1275  st7735.o(.constdata)
    Bcmd                                     0x0000593f   Data         103  st7735.o(.constdata)
    Rcmd1                                    0x000059a6   Data          59  st7735.o(.constdata)
    Rcmd2green                               0x000059e1   Data          13  st7735.o(.constdata)
    Rcmd2red                                 0x000059ee   Data          13  st7735.o(.constdata)
    Rcmd3                                    0x000059fb   Data          43  st7735.o(.constdata)
    .data                                    0x20000000   Section       44  st7735.o(.data)
    _width                                   0x2000000a   Data           2  st7735.o(.data)
    _height                                  0x2000000c   Data           2  st7735.o(.data)
    ColStart                                 0x20000014   Data           1  st7735.o(.data)
    RowStart                                 0x20000015   Data           1  st7735.o(.data)
    Rotation                                 0x20000016   Data           1  st7735.o(.data)
    TabColor                                 0x20000017   Data           1  st7735.o(.data)
    .data                                    0x2000002c   Section        4  print.o(.data)
    i                                        0x2000002c   Data           4  print.o(.data)
    .data                                    0x20000030   Section      104  lab6.o(.data)
    .data                                    0x20000098   Section      480  sound.o(.data)
    .bss                                     0x20000278   Section       12  lab6.o(.bss)
    STACK                                    0x20000288   Section     1024  startup.o(STACK)
    StackMem                                 0x20000288   Data           0  startup.o(STACK)

    Global Symbols

    Symbol Name                              Value     Ov Type        Size  Object(Section)

    BuildAttributes$$THM_ISAv4$E$P$D$K$B$S$7EM$PE$A:L22UL41UL21$X:L11$S22US41US21$IEEE1$IW$USESV6$~STKCKD$USESV7$~SHL$OSPACE$EBA8$MICROLIB$REQ8$PRES8$EABIv2 0x00000000   Number         0  anon$$obj.o ABSOLUTE
    __ARM_use_no_argv                        0x00000000   Number         0  lab6.o ABSOLUTE
    __Vectors                                0x00000000   Data           0  startup.o(RESET)
    __cpp_initialize__aeabi_                  - Undefined Weak Reference
    __cxa_finalize                            - Undefined Weak Reference
    _clock_init                               - Undefined Weak Reference
    _microlib_exit                            - Undefined Weak Reference
    Reset_Handler                            0x0000026d   Thumb Code     0  startup.o(RESET)
    NMI_Handler                              0x00000271   Thumb Code     2  startup.o(RESET)
    HardFault_Handler                        0x00000273   Thumb Code     2  startup.o(RESET)
    MemManage_Handler                        0x00000275   Thumb Code     2  startup.o(RESET)
    BusFault_Handler                         0x00000277   Thumb Code     2  startup.o(RESET)
    UsageFault_Handler                       0x00000279   Thumb Code     2  startup.o(RESET)
    SVC_Handler                              0x0000027b   Thumb Code     2  startup.o(RESET)
    DebugMon_Handler                         0x0000027d   Thumb Code     2  startup.o(RESET)
    PendSV_Handler                           0x0000027f   Thumb Code     2  startup.o(RESET)
    ADC0Seq0_Handler                         0x00000283   Thumb Code     0  startup.o(RESET)
    ADC0Seq1_Handler                         0x00000283   Thumb Code     0  startup.o(RESET)
    ADC0Seq2_Handler                         0x00000283   Thumb Code     0  startup.o(RESET)
    ADC0Seq3_Handler                         0x00000283   Thumb Code     0  startup.o(RESET)
    ADC1Seq0_Handler                         0x00000283   Thumb Code     0  startup.o(RESET)
    ADC1Seq1_Handler                         0x00000283   Thumb Code     0  startup.o(RESET)
    ADC1Seq2_Handler                         0x00000283   Thumb Code     0  startup.o(RESET)
    ADC1Seq3_Handler                         0x00000283   Thumb Code     0  startup.o(RESET)
    CAN0_Handler                             0x00000283   Thumb Code     0  startup.o(RESET)
    CAN1_Handler                             0x00000283   Thumb Code     0  startup.o(RESET)
    CAN2_Handler                             0x00000283   Thumb Code     0  startup.o(RESET)
    Comp0_Handler                            0x00000283   Thumb Code     0  startup.o(RESET)
    Comp1_Handler                            0x00000283   Thumb Code     0  startup.o(RESET)
    Comp2_Handler                            0x00000283   Thumb Code     0  startup.o(RESET)
    Ethernet_Handler                         0x00000283   Thumb Code     0  startup.o(RESET)
    ExtBus_Handler                           0x00000283   Thumb Code     0  startup.o(RESET)
    FPU_Handler                              0x00000283   Thumb Code     0  startup.o(RESET)
    Fan0_Handler                             0x00000283   Thumb Code     0  startup.o(RESET)
    FlashCtl_Handler                         0x00000283   Thumb Code     0  startup.o(RESET)
    GPIOPortA_Handler                        0x00000283   Thumb Code     0  startup.o(RESET)
    GPIOPortB_Handler                        0x00000283   Thumb Code     0  startup.o(RESET)
    GPIOPortC_Handler                        0x00000283   Thumb Code     0  startup.o(RESET)
    GPIOPortD_Handler                        0x00000283   Thumb Code     0  startup.o(RESET)
    GPIOPortE_Handler                        0x00000283   Thumb Code     0  startup.o(RESET)
    GPIOPortF_Handler                        0x00000283   Thumb Code     0  startup.o(RESET)
    GPIOPortG_Handler                        0x00000283   Thumb Code     0  startup.o(RESET)
    GPIOPortH_Handler                        0x00000283   Thumb Code     0  startup.o(RESET)
    GPIOPortJ_Handler                        0x00000283   Thumb Code     0  startup.o(RESET)
    GPIOPortK_Handler                        0x00000283   Thumb Code     0  startup.o(RESET)
    GPIOPortL_Handler                        0x00000283   Thumb Code     0  startup.o(RESET)
    GPIOPortM_Handler                        0x00000283   Thumb Code     0  startup.o(RESET)
    GPIOPortN_Handler                        0x00000283   Thumb Code     0  startup.o(RESET)
    GPIOPortP1_Handler                       0x00000283   Thumb Code     0  startup.o(RESET)
    GPIOPortP2_Handler                       0x00000283   Thumb Code     0  startup.o(RESET)
    GPIOPortP3_Handler                       0x00000283   Thumb Code     0  startup.o(RESET)
    GPIOPortP4_Handler                       0x00000283   Thumb Code     0  startup.o(RESET)
    GPIOPortP5_Handler                       0x00000283   Thumb Code     0  startup.o(RESET)
    GPIOPortP6_Handler                       0x00000283   Thumb Code     0  startup.o(RESET)
    GPIOPortP7_Handler                       0x00000283   Thumb Code     0  startup.o(RESET)
    GPIOPortP_Handler                        0x00000283   Thumb Code     0  startup.o(RESET)
    GPIOPortQ1_Handler                       0x00000283   Thumb Code     0  startup.o(RESET)
    GPIOPortQ2_Handler                       0x00000283   Thumb Code     0  startup.o(RESET)
    GPIOPortQ3_Handler                       0x00000283   Thumb Code     0  startup.o(RESET)
    GPIOPortQ4_Handler                       0x00000283   Thumb Code     0  startup.o(RESET)
    GPIOPortQ5_Handler                       0x00000283   Thumb Code     0  startup.o(RESET)
    GPIOPortQ6_Handler                       0x00000283   Thumb Code     0  startup.o(RESET)
    GPIOPortQ7_Handler                       0x00000283   Thumb Code     0  startup.o(RESET)
    GPIOPortQ_Handler                        0x00000283   Thumb Code     0  startup.o(RESET)
    GPIOPortR_Handler                        0x00000283   Thumb Code     0  startup.o(RESET)
    GPIOPortS_Handler                        0x00000283   Thumb Code     0  startup.o(RESET)
    Hibernate_Handler                        0x00000283   Thumb Code     0  startup.o(RESET)
    I2C0_Handler                             0x00000283   Thumb Code     0  startup.o(RESET)
    I2C1_Handler                             0x00000283   Thumb Code     0  startup.o(RESET)
    I2C2_Handler                             0x00000283   Thumb Code     0  startup.o(RESET)
    I2C3_Handler                             0x00000283   Thumb Code     0  startup.o(RESET)
    I2C4_Handler                             0x00000283   Thumb Code     0  startup.o(RESET)
    I2C5_Handler                             0x00000283   Thumb Code     0  startup.o(RESET)
    I2S0_Handler                             0x00000283   Thumb Code     0  startup.o(RESET)
    LPC0_Handler                             0x00000283   Thumb Code     0  startup.o(RESET)
    PECI0_Handler                            0x00000283   Thumb Code     0  startup.o(RESET)
    PWM0Fault_Handler                        0x00000283   Thumb Code     0  startup.o(RESET)
    PWM0Generator0_Handler                   0x00000283   Thumb Code     0  startup.o(RESET)
    PWM0Generator1_Handler                   0x00000283   Thumb Code     0  startup.o(RESET)
    PWM0Generator2_Handler                   0x00000283   Thumb Code     0  startup.o(RESET)
    PWM0Generator3_Handler                   0x00000283   Thumb Code     0  startup.o(RESET)
    PWM1Fault_Handler                        0x00000283   Thumb Code     0  startup.o(RESET)
    PWM1Generator0_Handler                   0x00000283   Thumb Code     0  startup.o(RESET)
    PWM1Generator1_Handler                   0x00000283   Thumb Code     0  startup.o(RESET)
    PWM1Generator2_Handler                   0x00000283   Thumb Code     0  startup.o(RESET)
    PWM1Generator3_Handler                   0x00000283   Thumb Code     0  startup.o(RESET)
    Quadrature0_Handler                      0x00000283   Thumb Code     0  startup.o(RESET)
    Quadrature1_Handler                      0x00000283   Thumb Code     0  startup.o(RESET)
    Quadrature2_Handler                      0x00000283   Thumb Code     0  startup.o(RESET)
    SSI0_Handler                             0x00000283   Thumb Code     0  startup.o(RESET)
    SSI1_Handler                             0x00000283   Thumb Code     0  startup.o(RESET)
    SSI2_Handler                             0x00000283   Thumb Code     0  startup.o(RESET)
    SSI3_Handler                             0x00000283   Thumb Code     0  startup.o(RESET)
    SysCtl_Handler                           0x00000283   Thumb Code     0  startup.o(RESET)
    Timer0A_Handler                          0x00000283   Thumb Code     0  startup.o(RESET)
    Timer0B_Handler                          0x00000283   Thumb Code     0  startup.o(RESET)
    Timer1A_Handler                          0x00000283   Thumb Code     0  startup.o(RESET)
    Timer1B_Handler                          0x00000283   Thumb Code     0  startup.o(RESET)
    Timer2A_Handler                          0x00000283   Thumb Code     0  startup.o(RESET)
    Timer2B_Handler                          0x00000283   Thumb Code     0  startup.o(RESET)
    Timer3A_Handler                          0x00000283   Thumb Code     0  startup.o(RESET)
    Timer3B_Handler                          0x00000283   Thumb Code     0  startup.o(RESET)
    Timer4A_Handler                          0x00000283   Thumb Code     0  startup.o(RESET)
    Timer4B_Handler                          0x00000283   Thumb Code     0  startup.o(RESET)
    Timer5A_Handler                          0x00000283   Thumb Code     0  startup.o(RESET)
    Timer5B_Handler                          0x00000283   Thumb Code     0  startup.o(RESET)
    UART0_Handler                            0x00000283   Thumb Code     0  startup.o(RESET)
    UART1_Handler                            0x00000283   Thumb Code     0  startup.o(RESET)
    UART2_Handler                            0x00000283   Thumb Code     0  startup.o(RESET)
    UART3_Handler                            0x00000283   Thumb Code     0  startup.o(RESET)
    UART4_Handler                            0x00000283   Thumb Code     0  startup.o(RESET)
    UART5_Handler                            0x00000283   Thumb Code     0  startup.o(RESET)
    UART6_Handler                            0x00000283   Thumb Code     0  startup.o(RESET)
    UART7_Handler                            0x00000283   Thumb Code     0  startup.o(RESET)
    USB0_Handler                             0x00000283   Thumb Code     0  startup.o(RESET)
    WDT_Handler                              0x00000283   Thumb Code     0  startup.o(RESET)
    WideTimer0A_Handler                      0x00000283   Thumb Code     0  startup.o(RESET)
    WideTimer0B_Handler                      0x00000283   Thumb Code     0  startup.o(RESET)
    WideTimer1A_Handler                      0x00000283   Thumb Code     0  startup.o(RESET)
    WideTimer1B_Handler                      0x00000283   Thumb Code     0  startup.o(RESET)
    WideTimer2A_Handler                      0x00000283   Thumb Code     0  startup.o(RESET)
    WideTimer2B_Handler                      0x00000283   Thumb Code     0  startup.o(RESET)
    WideTimer3A_Handler                      0x00000283   Thumb Code     0  startup.o(RESET)
    WideTimer3B_Handler                      0x00000283   Thumb Code     0  startup.o(RESET)
    WideTimer4A_Handler                      0x00000283   Thumb Code     0  startup.o(RESET)
    WideTimer4B_Handler                      0x00000283   Thumb Code     0  startup.o(RESET)
    WideTimer5A_Handler                      0x00000283   Thumb Code     0  startup.o(RESET)
    WideTimer5B_Handler                      0x00000283   Thumb Code     0  startup.o(RESET)
    uDMA_Error                               0x00000283   Thumb Code     0  startup.o(RESET)
    uDMA_Handler                             0x00000283   Thumb Code     0  startup.o(RESET)
    __main                                   0x00000285   Thumb Code     0  entry.o(.ARM.Collect$$$$00000000)
    _main_stk                                0x00000285   Thumb Code     0  entry2.o(.ARM.Collect$$$$00000001)
    _main_scatterload                        0x00000289   Thumb Code     0  entry5.o(.ARM.Collect$$$$00000004)
    __main_after_scatterload                 0x0000028d   Thumb Code     0  entry5.o(.ARM.Collect$$$$00000004)
    _main_clock                              0x0000028d   Thumb Code     0  entry7b.o(.ARM.Collect$$$$00000008)
    _main_cpp_init                           0x0000028d   Thumb Code     0  entry8b.o(.ARM.Collect$$$$0000000A)
    _main_init                               0x0000028d   Thumb Code     0  entry9a.o(.ARM.Collect$$$$0000000B)
    __rt_final_cpp                           0x00000295   Thumb Code     0  entry10a.o(.ARM.Collect$$$$0000000D)
    __rt_final_exit                          0x00000295   Thumb Code     0  entry11a.o(.ARM.Collect$$$$0000000F)
    __scatterload                            0x00000299   Thumb Code    28  init.o(.text)
    __scatterload_rt2                        0x00000299   Thumb Code     0  init.o(.text)
    __decompress                             0x000002bd   Thumb Code     0  __dczerorl2.o(.text)
    __decompress1                            0x000002bd   Thumb Code    92  __dczerorl2.o(.text)
    ADC_In89                                 0x00000319   Thumb Code    48  adcswtrigger.o(i.ADC_In89)
    ADC_Init89                               0x00000351   Thumb Code   210  adcswtrigger.o(i.ADC_Init89)
    DAC_Out                                  0x0000043d   Thumb Code     6  dac.o(i.DAC_Out)
    Delay1ms                                 0x00000449   Thumb Code    32  st7735.o(i.Delay1ms)
    IO_Init                                  0x00000469   Thumb Code   144  io.o(i.IO_Init)
    IO_Touch                                 0x00000511   Thumb Code    26  io.o(i.IO_Touch)
    LCD_OutDec                               0x00000531   Thumb Code    66  print.o(i.LCD_OutDec)
    PLL_Init                                 0x00000579   Thumb Code   118  pll.o(i.PLL_Init)
    ST7735_DrawCharS                         0x000005f5   Thumb Code   232  st7735.o(i.ST7735_DrawCharS)
    ST7735_DrawCircle                        0x000006e9   Thumb Code   442  st7735.o(i.ST7735_DrawCircle)
    ST7735_DrawECircle                       0x000008a3   Thumb Code   194  st7735.o(i.ST7735_DrawECircle)
    ST7735_DrawHRect                         0x00000965   Thumb Code   188  st7735.o(i.ST7735_DrawHRect)
    ST7735_DrawPixel                         0x00000a21   Thumb Code    64  st7735.o(i.ST7735_DrawPixel)
    ST7735_DrawString                        0x00000a69   Thumb Code    86  st7735.o(i.ST7735_DrawString)
    ST7735_FillRect                          0x00000ac1   Thumb Code   164  st7735.o(i.ST7735_FillRect)
    ST7735_FillScreen                        0x00000b6d   Thumb Code    28  st7735.o(i.ST7735_FillScreen)
    ST7735_InitR                             0x00000b91   Thumb Code    90  st7735.o(i.ST7735_InitR)
    ST7735_MoveCursor                        0x00000c0d   Thumb Code   290  st7735.o(i.ST7735_MoveCursor)
    ST7735_MoveCursor2                       0x00000d2f   Thumb Code   132  st7735.o(i.ST7735_MoveCursor2)
    ST7735_MoveCursorT                       0x00000db3   Thumb Code   132  st7735.o(i.ST7735_MoveCursorT)
    ST7735_OutChar                           0x00000e39   Thumb Code   176  st7735.o(i.ST7735_OutChar)
    ST7735_OutString                         0x00000f0d   Thumb Code    24  st7735.o(i.ST7735_OutString)
    ST7735_SetCursor                         0x00000f25   Thumb Code    22  st7735.o(i.ST7735_SetCursor)
    SysTick_Handler                          0x00000f45   Thumb Code    68  sound.o(i.SysTick_Handler)
    __scatterload_copy                       0x00000f9d   Thumb Code    14  handlers.o(i.__scatterload_copy)
    __scatterload_null                       0x00000fab   Thumb Code     2  handlers.o(i.__scatterload_null)
    __scatterload_zeroinit                   0x00000fad   Thumb Code    14  handlers.o(i.__scatterload_zeroinit)
    main                                     0x00001195   Thumb Code 16760  lab6.o(i.main)
    square                                   0x000053b5   Thumb Code    38  st7735.o(i.square)
    writecommand                             0x000053dd   Thumb Code    50  lcd.o(i.writecommand)
    writedata                                0x00005419   Thumb Code    34  lcd.o(i.writedata)
    dBfs                                     0x00005a26   Data         512  st7735.o(.constdata)
    Region$$Table$$Base                      0x00005c28   Number         0  anon$$obj.o(Region$$Table)
    Region$$Table$$Limit                     0x00005c48   Number         0  anon$$obj.o(Region$$Table)
    StX                                      0x20000000   Data           4  st7735.o(.data)
    StY                                      0x20000004   Data           4  st7735.o(.data)
    StTextColor                              0x20000008   Data           2  st7735.o(.data)
    lastj                                    0x20000010   Data           4  st7735.o(.data)
    Messageindex                             0x20000018   Data           4  st7735.o(.data)
    Ymax                                     0x2000001c   Data           4  st7735.o(.data)
    Ymin                                     0x20000020   Data           4  st7735.o(.data)
    X                                        0x20000024   Data           4  st7735.o(.data)
    Yrange                                   0x20000028   Data           4  st7735.o(.data)
    x_cur                                    0x20000030   Data           4  lab6.o(.data)
    y_cur                                    0x20000034   Data           4  lab6.o(.data)
    col_cur                                  0x20000038   Data           4  lab6.o(.data)
    row_cur                                  0x2000003c   Data           4  lab6.o(.data)
    s_cur                                    0x20000040   Data           1  lab6.o(.data)
    s_cir                                    0x20000041   Data           1  lab6.o(.data)
    pressed                                  0x20000044   Data           4  lab6.o(.data)
    status                                   0x20000048   Data           4  lab6.o(.data)
    score                                    0x2000004c   Data           4  lab6.o(.data)
    tutorial                                 0x20000050   Data           1  lab6.o(.data)
    game                                     0x20000051   Data          49  lab6.o(.data)
    x_sel                                    0x20000084   Data           4  lab6.o(.data)
    y_sel                                    0x20000088   Data           4  lab6.o(.data)
    row_sel                                  0x2000008c   Data           4  lab6.o(.data)
    col_sel                                  0x20000090   Data           4  lab6.o(.data)
    moves                                    0x20000094   Data           4  lab6.o(.data)
    piano                                    0x20000098   Data         244  sound.o(.data)
    pong                                     0x2000018c   Data         225  sound.o(.data)
    sound                                    0x20000270   Data           4  sound.o(.data)
    idx                                      0x20000274   Data           4  sound.o(.data)
    data                                     0x20000278   Data          12  lab6.o(.bss)
    __initial_sp                             0x20000688   Data           0  startup.o(STACK)



==============================================================================

Memory Map of the image

  Image Entry point : 0x0000026d

  Load Region LR_1 (Base: 0x00000000, Size: 0x00005ec0, Max: 0xffffffff, ABSOLUTE, COMPRESSED[0x00005d88])

    Execution Region ER_RO (Base: 0x00000000, Size: 0x00005c48, Max: 0xffffffff, ABSOLUTE)

    Base Addr    Size         Type   Attr      Idx    E Section Name        Object

    0x00000000   0x00000284   Code   RO            3  * RESET               startup.o
    0x00000284   0x00000000   Code   RO          542  * .ARM.Collect$$$$00000000  mc_w.l(entry.o)
    0x00000284   0x00000004   Code   RO          545    .ARM.Collect$$$$00000001  mc_w.l(entry2.o)
    0x00000288   0x00000004   Code   RO          548    .ARM.Collect$$$$00000004  mc_w.l(entry5.o)
    0x0000028c   0x00000000   Code   RO          550    .ARM.Collect$$$$00000008  mc_w.l(entry7b.o)
    0x0000028c   0x00000000   Code   RO          552    .ARM.Collect$$$$0000000A  mc_w.l(entry8b.o)
    0x0000028c   0x00000008   Code   RO          553    .ARM.Collect$$$$0000000B  mc_w.l(entry9a.o)
    0x00000294   0x00000000   Code   RO          555    .ARM.Collect$$$$0000000D  mc_w.l(entry10a.o)
    0x00000294   0x00000000   Code   RO          557    .ARM.Collect$$$$0000000F  mc_w.l(entry11a.o)
    0x00000294   0x00000004   Code   RO          546    .ARM.Collect$$$$00002712  mc_w.l(entry2.o)
    0x00000298   0x00000024   Code   RO          559    .text               mc_w.l(init.o)
    0x000002bc   0x0000005c   Code   RO          569    .text               mc_w.l(__dczerorl2.o)
    0x00000318   0x00000038   Code   RO          476    i.ADC_In89          adcswtrigger.o
    0x00000350   0x000000ec   Code   RO          477    i.ADC_Init89        adcswtrigger.o
    0x0000043c   0x0000000c   Code   RO          498    i.DAC_Out           dac.o
    0x00000448   0x00000020   Code   RO           34    i.Delay1ms          st7735.o
    0x00000468   0x000000a8   Code   RO          394    i.IO_Init           io.o
    0x00000510   0x00000020   Code   RO          395    i.IO_Touch          io.o
    0x00000530   0x00000048   Code   RO          423    i.LCD_OutDec        print.o
    0x00000578   0x0000007c   Code   RO           12    i.PLL_Init          pll.o
    0x000005f4   0x000000f4   Code   RO           43    i.ST7735_DrawCharS  st7735.o
    0x000006e8   0x000001ba   Code   RO           44    i.ST7735_DrawCircle  st7735.o
    0x000008a2   0x000000c2   Code   RO           46    i.ST7735_DrawECircle  st7735.o
    0x00000964   0x000000bc   Code   RO           49    i.ST7735_DrawHRect  st7735.o
    0x00000a20   0x00000048   Code   RO           50    i.ST7735_DrawPixel  st7735.o
    0x00000a68   0x00000056   Code   RO           51    i.ST7735_DrawString  st7735.o
    0x00000abe   0x00000002   PAD
    0x00000ac0   0x000000ac   Code   RO           52    i.ST7735_FillRect   st7735.o
    0x00000b6c   0x00000024   Code   RO           53    i.ST7735_FillScreen  st7735.o
    0x00000b90   0x0000007c   Code   RO           55    i.ST7735_InitR      st7735.o
    0x00000c0c   0x00000122   Code   RO           59    i.ST7735_MoveCursor  st7735.o
    0x00000d2e   0x00000084   Code   RO           60    i.ST7735_MoveCursor2  st7735.o
    0x00000db2   0x00000084   Code   RO           61    i.ST7735_MoveCursorT  st7735.o
    0x00000e36   0x00000002   PAD
    0x00000e38   0x000000d4   Code   RO           64    i.ST7735_OutChar    st7735.o
    0x00000f0c   0x00000018   Code   RO           65    i.ST7735_OutString  st7735.o
    0x00000f24   0x00000020   Code   RO           75    i.ST7735_SetCursor  st7735.o
    0x00000f44   0x00000058   Code   RO          517    i.SysTick_Handler   sound.o
    0x00000f9c   0x0000000e   Code   RO          563    i.__scatterload_copy  mc_w.l(handlers.o)
    0x00000faa   0x00000002   Code   RO          564    i.__scatterload_null  mc_w.l(handlers.o)
    0x00000fac   0x0000000e   Code   RO          565    i.__scatterload_zeroinit  mc_w.l(handlers.o)
    0x00000fba   0x00000056   Code   RO           79    i.commandList       st7735.o
    0x00001010   0x00000184   Code   RO           80    i.commonInit        st7735.o
    0x00001194   0x00004198   Code   RO          442    i.main              lab6.o
    0x0000532c   0x00000012   Code   RO           85    i.pushColor         st7735.o
    0x0000533e   0x00000002   PAD
    0x00005340   0x00000074   Code   RO           86    i.setAddrWindow     st7735.o
    0x000053b4   0x00000026   Code   RO           87    i.square            st7735.o
    0x000053da   0x00000002   PAD
    0x000053dc   0x0000003c   Code   RO          375    i.writecommand      lcd.o
    0x00005418   0x0000002c   Code   RO          376    i.writedata         lcd.o
    0x00005444   0x000007e2   Data   RO           89    .constdata          st7735.o
    0x00005c26   0x00000002   PAD
    0x00005c28   0x00000020   Data   RO          561    Region$$Table       anon$$obj.o


    Execution Region ER_RW (Base: 0x20000000, Size: 0x00000278, Max: 0xffffffff, ABSOLUTE, COMPRESSED[0x00000140])

    Base Addr    Size         Type   Attr      Idx    E Section Name        Object

    0x20000000   0x0000002c   Data   RW           90    .data               st7735.o
    0x2000002c   0x00000004   Data   RW          425    .data               print.o
    0x20000030   0x00000068   Data   RW          445    .data               lab6.o
    0x20000098   0x000001e0   Data   RW          518    .data               sound.o


    Execution Region ER_ZI (Base: 0x20000278, Size: 0x00000410, Max: 0xffffffff, ABSOLUTE)

    Base Addr    Size         Type   Attr      Idx    E Section Name        Object

    0x20000278   0x0000000c   Zero   RW          444    .bss                lab6.o
    0x20000284   0x00000004   PAD
    0x20000288   0x00000400   Zero   RW            1    STACK               startup.o


==============================================================================

Image component sizes


      Code (inc. data)   RO Data    RW Data    ZI Data      Debug   Object Name

       292         34          0          0          0       1148   adcswtrigger.o
        12          6          0          0          0        354   dac.o
       200         30          0          0          0        953   io.o
     16792       1350          0        104         12       9215   lab6.o
       104         20          0          0          0        755   lcd.o
       124          6          0          0          0       4579   pll.o
        72          6          0          4          0        437   print.o
        88         20          0        480          0        913   sound.o
      3058        174       2018         44          0      15873   st7735.o
       644        620          0          0       1024        684   startup.o

    ----------------------------------------------------------------------
     21394       2266       2052        632       1040      34911   Object Totals
         0          0         32          0          0          0   (incl. Generated)
         8          0          2          0          4          0   (incl. Padding)

    ----------------------------------------------------------------------

      Code (inc. data)   RO Data    RW Data    ZI Data      Debug   Library Member Name

        92          0          0          0          0          0   __dczerorl2.o
         0          0          0          0          0          0   entry.o
         0          0          0          0          0          0   entry10a.o
         0          0          0          0          0          0   entry11a.o
         8          4          0          0          0          0   entry2.o
         4          0          0          0          0          0   entry5.o
         0          0          0          0          0          0   entry7b.o
         0          0          0          0          0          0   entry8b.o
         8          4          0          0          0          0   entry9a.o
        30          0          0          0          0          0   handlers.o
        36          8          0          0          0         68   init.o

    ----------------------------------------------------------------------
       178         16          0          0          0         68   Library Totals
         0          0          0          0          0          0   (incl. Padding)

    ----------------------------------------------------------------------

      Code (inc. data)   RO Data    RW Data    ZI Data      Debug   Library Name

       178         16          0          0          0         68   mc_w.l

    ----------------------------------------------------------------------
       178         16          0          0          0         68   Library Totals

    ----------------------------------------------------------------------

==============================================================================


      Code (inc. data)   RO Data    RW Data    ZI Data      Debug   

     21572       2282       2052        632       1040      33523   Grand Totals
     21572       2282       2052        320       1040      33523   ELF Image Totals (compressed)
     21572       2282       2052        320          0          0   ROM Totals

==============================================================================

    Total RO  Size (Code + RO Data)                23624 (  23.07kB)
    Total RW  Size (RW Data + ZI Data)              1672 (   1.63kB)
    Total ROM Size (Code + RO Data + RW Data)      23944 (  23.38kB)

==============================================================================

