<html>
<body>
<pre>
<h1>µVision Build Log</h1>
<h2>Project:</h2>
C:\Users\Epik\Desktop\labs\Final Game\Lab6.uvproj
Project File Date:  08/10/2016

<h2>Output:</h2>
Build target 'Lab6'
compiling Lab6.c...
linking...
Program Size: Code=21572 RO-data=2052 RW-data=632 ZI-data=1040  
".\Lab6.axf" - 0 Error(s), 0 Warning(s).
Load "C:\\Users\\Epik\\Desktop\\labs\\Final Game\\Lab6.axf" 
Connecting: Mode=JTAG, Speed=1000000Hz
Erase Done.
Programming Done.
Verify OK.
</pre>
</body>
</html>
\\Users\\Epik\\Desktop\\labs\\Final Game\\Lab6.axf" 
Connecting: Mode=JTAG, Speed=1000000Hz
Erase Done.
Programming Done.
Verify OK.
