<html>
<body>
<pre>
<h1>µVision Build Log</h1>
<h2>Project:</h2>
C:\Users\Epik\Desktop\labs\Homework1\InputOutput.uvproj
Project File Date:  05/23/2014

<h2>Output:</h2>
Build target 'InputOutput'
compiling InputOutput.c...
linking...
Program Size: Code=1128 RO-data=16 RW-data=0 ZI-data=1120  
".\InputOutput.axf" - 0 Error(s), 0 Warning(s).
Load "C:\\Users\\Epik\\Desktop\\labs\\Homework1\\InputOutput.axf" 
Connecting: Mode=JTAG, Speed=1000000Hz
Erase Done.
Programming Done.
Verify OK.
</pre>
</body>
</html>
