ARM Linker, 5.03 [Build 76] [MDK-ARM Lite]

==============================================================================

Section Cross References

    startup.o(RESET) refers to startup.o(STACK) for StackMem
    startup.o(RESET) refers to lab7.o(i.SysTick_Handler) for SysTick_Handler
    startup.o(RESET) refers to texas.o(.text) for Timer4A_Handler
    startup.o(RESET) refers to entry.o(.ARM.Collect$$$$00000000) for __main
    st7735.o(i.Output_Clear) refers to st7735.o(i.ST7735_FillScreen) for ST7735_FillScreen
    st7735.o(i.Output_Color) refers to st7735.o(i.ST7735_SetTextColor) for ST7735_SetTextColor
    st7735.o(i.Output_Init) refers to st7735.o(i.ST7735_InitR) for ST7735_InitR
    st7735.o(i.Output_Init) refers to st7735.o(i.ST7735_FillScreen) for ST7735_FillScreen
    st7735.o(i.Output_Off) refers to st7735.o(i.Output_Clear) for Output_Clear
    st7735.o(i.Output_On) refers to st7735.o(i.Output_Init) for Output_Init
    st7735.o(i.ST7735_DrawBitmap) refers to st7735.o(i.setAddrWindow) for setAddrWindow
    st7735.o(i.ST7735_DrawBitmap) refers to lcd.o(i.writedata) for writedata
    st7735.o(i.ST7735_DrawBitmap) refers to st7735.o(.data) for _width
    st7735.o(i.ST7735_DrawChar) refers to st7735.o(i.setAddrWindow) for setAddrWindow
    st7735.o(i.ST7735_DrawChar) refers to st7735.o(i.pushColor) for pushColor
    st7735.o(i.ST7735_DrawChar) refers to st7735.o(.data) for _width
    st7735.o(i.ST7735_DrawChar) refers to st7735.o(.constdata) for Font
    st7735.o(i.ST7735_DrawCharS) refers to st7735.o(i.ST7735_DrawPixel) for ST7735_DrawPixel
    st7735.o(i.ST7735_DrawCharS) refers to st7735.o(i.ST7735_FillRect) for ST7735_FillRect
    st7735.o(i.ST7735_DrawCharS) refers to st7735.o(.data) for _width
    st7735.o(i.ST7735_DrawCharS) refers to st7735.o(.constdata) for Font
    st7735.o(i.ST7735_DrawFastHLine) refers to st7735.o(i.setAddrWindow) for setAddrWindow
    st7735.o(i.ST7735_DrawFastHLine) refers to lcd.o(i.writedata) for writedata
    st7735.o(i.ST7735_DrawFastHLine) refers to st7735.o(.data) for _width
    st7735.o(i.ST7735_DrawFastVLine) refers to st7735.o(i.setAddrWindow) for setAddrWindow
    st7735.o(i.ST7735_DrawFastVLine) refers to lcd.o(i.writedata) for writedata
    st7735.o(i.ST7735_DrawFastVLine) refers to st7735.o(.data) for _width
    st7735.o(i.ST7735_DrawPixel) refers to st7735.o(i.setAddrWindow) for setAddrWindow
    st7735.o(i.ST7735_DrawPixel) refers to st7735.o(i.pushColor) for pushColor
    st7735.o(i.ST7735_DrawPixel) refers to st7735.o(.data) for _width
    st7735.o(i.ST7735_DrawString) refers to st7735.o(i.ST7735_DrawCharS) for ST7735_DrawCharS
    st7735.o(i.ST7735_FillRect) refers to st7735.o(i.setAddrWindow) for setAddrWindow
    st7735.o(i.ST7735_FillRect) refers to lcd.o(i.writedata) for writedata
    st7735.o(i.ST7735_FillRect) refers to st7735.o(.data) for _width
    st7735.o(i.ST7735_FillScreen) refers to st7735.o(i.ST7735_FillRect) for ST7735_FillRect
    st7735.o(i.ST7735_FillScreen) refers to st7735.o(.data) for _height
    st7735.o(i.ST7735_InitB) refers to st7735.o(i.commonInit) for commonInit
    st7735.o(i.ST7735_InitB) refers to st7735.o(i.ST7735_SetCursor) for ST7735_SetCursor
    st7735.o(i.ST7735_InitB) refers to st7735.o(i.ST7735_FillScreen) for ST7735_FillScreen
    st7735.o(i.ST7735_InitB) refers to st7735.o(.constdata) for Bcmd
    st7735.o(i.ST7735_InitB) refers to st7735.o(.data) for StTextColor
    st7735.o(i.ST7735_InitR) refers to st7735.o(i.commonInit) for commonInit
    st7735.o(i.ST7735_InitR) refers to st7735.o(i.commandList) for commandList
    st7735.o(i.ST7735_InitR) refers to lcd.o(i.writecommand) for writecommand
    st7735.o(i.ST7735_InitR) refers to lcd.o(i.writedata) for writedata
    st7735.o(i.ST7735_InitR) refers to st7735.o(i.ST7735_SetCursor) for ST7735_SetCursor
    st7735.o(i.ST7735_InitR) refers to st7735.o(i.ST7735_FillScreen) for ST7735_FillScreen
    st7735.o(i.ST7735_InitR) refers to st7735.o(.constdata) for Rcmd1
    st7735.o(i.ST7735_InitR) refers to st7735.o(.data) for ColStart
    st7735.o(i.ST7735_InvertDisplay) refers to lcd.o(i.writecommand) for writecommand
    st7735.o(i.ST7735_OutChar) refers to st7735.o(i.ST7735_DrawString) for ST7735_DrawString
    st7735.o(i.ST7735_OutChar) refers to st7735.o(i.ST7735_DrawCharS) for ST7735_DrawCharS
    st7735.o(i.ST7735_OutChar) refers to st7735.o(.data) for StY
    st7735.o(i.ST7735_OutString) refers to st7735.o(i.ST7735_OutChar) for ST7735_OutChar
    st7735.o(i.ST7735_OutUDec) refers to st7735.o(i.fillmessage) for fillmessage
    st7735.o(i.ST7735_OutUDec) refers to st7735.o(i.ST7735_DrawString) for ST7735_DrawString
    st7735.o(i.ST7735_OutUDec) refers to st7735.o(i.ST7735_DrawCharS) for ST7735_DrawCharS
    st7735.o(i.ST7735_OutUDec) refers to st7735.o(.data) for Messageindex
    st7735.o(i.ST7735_OutUDec) refers to st7735.o(.bss) for Message
    st7735.o(i.ST7735_PlotBar) refers to st7735.o(i.ST7735_DrawFastVLine) for ST7735_DrawFastVLine
    st7735.o(i.ST7735_PlotBar) refers to st7735.o(.data) for Ymin
    st7735.o(i.ST7735_PlotClear) refers to st7735.o(i.ST7735_Color565) for ST7735_Color565
    st7735.o(i.ST7735_PlotClear) refers to st7735.o(i.ST7735_FillRect) for ST7735_FillRect
    st7735.o(i.ST7735_PlotClear) refers to st7735.o(.data) for Ymax
    st7735.o(i.ST7735_PlotLine) refers to st7735.o(i.ST7735_DrawPixel) for ST7735_DrawPixel
    st7735.o(i.ST7735_PlotLine) refers to st7735.o(.data) for Ymin
    st7735.o(i.ST7735_PlotNext) refers to st7735.o(.data) for X
    st7735.o(i.ST7735_PlotNextErase) refers to st7735.o(i.ST7735_Color565) for ST7735_Color565
    st7735.o(i.ST7735_PlotNextErase) refers to st7735.o(i.ST7735_DrawFastVLine) for ST7735_DrawFastVLine
    st7735.o(i.ST7735_PlotNextErase) refers to st7735.o(.data) for X
    st7735.o(i.ST7735_PlotPoint) refers to st7735.o(i.ST7735_DrawPixel) for ST7735_DrawPixel
    st7735.o(i.ST7735_PlotPoint) refers to st7735.o(.data) for Ymin
    st7735.o(i.ST7735_PlotPoints) refers to st7735.o(i.ST7735_DrawPixel) for ST7735_DrawPixel
    st7735.o(i.ST7735_PlotPoints) refers to st7735.o(.data) for Ymin
    st7735.o(i.ST7735_PlotdBfs) refers to st7735.o(i.ST7735_DrawFastVLine) for ST7735_DrawFastVLine
    st7735.o(i.ST7735_PlotdBfs) refers to st7735.o(.constdata) for dBfs
    st7735.o(i.ST7735_PlotdBfs) refers to st7735.o(.data) for X
    st7735.o(i.ST7735_SetCursor) refers to st7735.o(.data) for StX
    st7735.o(i.ST7735_SetRotation) refers to lcd.o(i.writecommand) for writecommand
    st7735.o(i.ST7735_SetRotation) refers to lcd.o(i.writedata) for writedata
    st7735.o(i.ST7735_SetRotation) refers to st7735.o(.data) for Rotation
    st7735.o(i.ST7735_SetTextColor) refers to st7735.o(.data) for StTextColor
    st7735.o(i.commandList) refers to lcd.o(i.writecommand) for writecommand
    st7735.o(i.commandList) refers to lcd.o(i.writedata) for writedata
    st7735.o(i.commandList) refers to st7735.o(i.Delay1ms) for Delay1ms
    st7735.o(i.commonInit) refers to st7735.o(i.Delay1ms) for Delay1ms
    st7735.o(i.commonInit) refers to st7735.o(i.commandList) for commandList
    st7735.o(i.commonInit) refers to st7735.o(.data) for RowStart
    st7735.o(i.fillmessage) refers to st7735.o(.bss) for Message
    st7735.o(i.fillmessage) refers to st7735.o(.data) for Messageindex
    st7735.o(i.fputc) refers to st7735.o(i.ST7735_OutChar) for ST7735_OutChar
    st7735.o(i.pushColor) refers to lcd.o(i.writedata) for writedata
    st7735.o(i.setAddrWindow) refers to lcd.o(i.writecommand) for writecommand
    st7735.o(i.setAddrWindow) refers to lcd.o(i.writedata) for writedata
    st7735.o(i.setAddrWindow) refers to st7735.o(.data) for ColStart
    print.o(i.LCD_OutDec) refers to st7735.o(i.ST7735_OutChar) for ST7735_OutChar
    print.o(i.LCD_OutFix) refers to st7735.o(i.ST7735_OutChar) for ST7735_OutChar
    lab7.o(i.SysTick_Handler) refers to adc.o(i.ADC_In) for ADC_In
    lab7.o(i.SysTick_Handler) refers to lab7.o(.data) for Data
    lab7.o(i.main) refers to texas.o(.text) for TExaS_Init
    lab7.o(i.main) refers to st7735.o(i.ST7735_InitR) for ST7735_InitR
    lab7.o(i.main) refers to lab7.o(i.PortF_Init) for PortF_Init
    lab7.o(i.main) refers to adc.o(i.ADC_Init) for ADC_Init
    lab7.o(i.main) refers to lab7.o(i.SysTick_Init) for SysTick_Init
    lab7.o(i.main) refers to lab7.o(i.Convert) for Convert
    lab7.o(i.main) refers to st7735.o(i.ST7735_SetCursor) for ST7735_SetCursor
    lab7.o(i.main) refers to print.o(i.LCD_OutDec) for LCD_OutDec
    lab7.o(i.main) refers to st7735.o(i.ST7735_OutString) for ST7735_OutString
    lab7.o(i.main) refers to print.o(i.LCD_OutFix) for LCD_OutFix
    lab7.o(i.main) refers to lab7.o(.data) for mailbox
    lab7.o(i.main1) refers to texas.o(.text) for TExaS_Init
    lab7.o(i.main1) refers to adc.o(i.ADC_Init) for ADC_Init
    lab7.o(i.main1) refers to adc.o(i.ADC_In) for ADC_In
    lab7.o(i.main1) refers to lab7.o(.data) for Data
    lab7.o(i.main2) refers to texas.o(.text) for TExaS_Init
    lab7.o(i.main2) refers to adc.o(i.ADC_Init) for ADC_Init
    lab7.o(i.main2) refers to st7735.o(i.ST7735_InitR) for ST7735_InitR
    lab7.o(i.main2) refers to lab7.o(i.PortF_Init) for PortF_Init
    lab7.o(i.main2) refers to adc.o(i.ADC_In) for ADC_In
    lab7.o(i.main2) refers to st7735.o(i.ST7735_SetCursor) for ST7735_SetCursor
    lab7.o(i.main2) refers to print.o(i.LCD_OutDec) for LCD_OutDec
    lab7.o(i.main2) refers to st7735.o(i.ST7735_OutString) for ST7735_OutString
    lab7.o(i.main2) refers to lab7.o(.data) for Data
    lab7.o(i.main3) refers to texas.o(.text) for TExaS_Init
    lab7.o(i.main3) refers to st7735.o(i.ST7735_InitR) for ST7735_InitR
    lab7.o(i.main3) refers to lab7.o(i.PortF_Init) for PortF_Init
    lab7.o(i.main3) refers to adc.o(i.ADC_Init) for ADC_Init
    lab7.o(i.main3) refers to adc.o(i.ADC_In) for ADC_In
    lab7.o(i.main3) refers to lab7.o(i.Convert) for Convert
    lab7.o(i.main3) refers to st7735.o(i.ST7735_SetCursor) for ST7735_SetCursor
    lab7.o(i.main3) refers to print.o(i.LCD_OutDec) for LCD_OutDec
    lab7.o(i.main3) refers to st7735.o(i.ST7735_OutString) for ST7735_OutString
    lab7.o(i.main3) refers to print.o(i.LCD_OutFix) for LCD_OutFix
    lab7.o(i.main3) refers to lab7.o(.data) for Data
    texas.o(.text) refers to texas.o(.bss) for TExaS
    texas.o(.text) refers to texas.o(.constdata) for IntroMsg
    texas.o(.text) refers to texas.o(.data) for LastMode
    entry.o(.ARM.Collect$$$$00000000) refers (Special) to entry10a.o(.ARM.Collect$$$$0000000D) for __rt_final_cpp
    entry.o(.ARM.Collect$$$$00000000) refers (Special) to entry11a.o(.ARM.Collect$$$$0000000F) for __rt_final_exit
    entry.o(.ARM.Collect$$$$00000000) refers (Special) to entry7b.o(.ARM.Collect$$$$00000008) for _main_clock
    entry.o(.ARM.Collect$$$$00000000) refers (Special) to entry8b.o(.ARM.Collect$$$$0000000A) for _main_cpp_init
    entry.o(.ARM.Collect$$$$00000000) refers (Special) to entry9a.o(.ARM.Collect$$$$0000000B) for _main_init
    entry.o(.ARM.Collect$$$$00000000) refers (Special) to entry5.o(.ARM.Collect$$$$00000004) for _main_scatterload
    entry.o(.ARM.Collect$$$$00000000) refers (Special) to entry2.o(.ARM.Collect$$$$00000001) for _main_stk
    entry2.o(.ARM.Collect$$$$00000001) refers to entry2.o(.ARM.Collect$$$$00002712) for __lit__00000000
    entry2.o(.ARM.Collect$$$$00002712) refers to startup.o(STACK) for __initial_sp
    entry2.o(__vectab_stack_and_reset_area) refers to startup.o(STACK) for __initial_sp
    entry2.o(__vectab_stack_and_reset_area) refers to entry.o(.ARM.Collect$$$$00000000) for __main
    entry5.o(.ARM.Collect$$$$00000004) refers to init.o(.text) for __scatterload
    entry9a.o(.ARM.Collect$$$$0000000B) refers to lab7.o(i.main) for main
    entry9b.o(.ARM.Collect$$$$0000000C) refers to lab7.o(i.main) for main
    init.o(.text) refers to entry5.o(.ARM.Collect$$$$00000004) for __main_after_scatterload


==============================================================================

Removing Unused input sections from the image.

    Removing startup.o(HEAP), (0 bytes).
    Removing startup.o(.text), (28 bytes).
    Removing st7735.o(i.Output_Clear), (10 bytes).
    Removing st7735.o(i.Output_Color), (12 bytes).
    Removing st7735.o(i.Output_Init), (16 bytes).
    Removing st7735.o(i.Output_Off), (8 bytes).
    Removing st7735.o(i.Output_On), (8 bytes).
    Removing st7735.o(i.ST7735_Color565), (24 bytes).
    Removing st7735.o(i.ST7735_DrawBitmap), (288 bytes).
    Removing st7735.o(i.ST7735_DrawChar), (268 bytes).
    Removing st7735.o(i.ST7735_DrawFastHLine), (124 bytes).
    Removing st7735.o(i.ST7735_DrawFastVLine), (124 bytes).
    Removing st7735.o(i.ST7735_InitB), (40 bytes).
    Removing st7735.o(i.ST7735_InvertDisplay), (22 bytes).
    Removing st7735.o(i.ST7735_OutUDec), (140 bytes).
    Removing st7735.o(i.ST7735_PlotBar), (88 bytes).
    Removing st7735.o(i.ST7735_PlotClear), (92 bytes).
    Removing st7735.o(i.ST7735_PlotLine), (264 bytes).
    Removing st7735.o(i.ST7735_PlotNext), (32 bytes).
    Removing st7735.o(i.ST7735_PlotNextErase), (64 bytes).
    Removing st7735.o(i.ST7735_PlotPoint), (152 bytes).
    Removing st7735.o(i.ST7735_PlotPoints), (172 bytes).
    Removing st7735.o(i.ST7735_PlotdBfs), (60 bytes).
    Removing st7735.o(i.ST7735_SetRotation), (212 bytes).
    Removing st7735.o(i.ST7735_SetTextColor), (12 bytes).
    Removing st7735.o(i.ST7735_SwapColor), (18 bytes).
    Removing st7735.o(i.ferror), (8 bytes).
    Removing st7735.o(i.fgetc), (6 bytes).
    Removing st7735.o(i.fillmessage), (72 bytes).
    Removing st7735.o(i.fputc), (16 bytes).
    Removing st7735.o(.bss), (12 bytes).
    Removing io.o(i.IO_HeartBeat), (24 bytes).
    Removing io.o(i.IO_Init), (112 bytes).
    Removing io.o(i.IO_Touch), (56 bytes).
    Removing lab7.o(i.main1), (24 bytes).
    Removing lab7.o(i.main2), (92 bytes).
    Removing lab7.o(i.main3), (136 bytes).

37 unused section(s) (total 2836 bytes) removed from the image.

==============================================================================

Image Symbol Table

    Local Symbols

    Symbol Name                              Value     Ov Type        Size  Object(Section)

    RESET                                    0x00000000   Section      644  startup.o(RESET)
    ../clib/microlib/init/entry.s            0x00000000   Number         0  entry11a.o ABSOLUTE
    ../clib/microlib/init/entry.s            0x00000000   Number         0  entry2.o ABSOLUTE
    ../clib/microlib/init/entry.s            0x00000000   Number         0  entry9b.o ABSOLUTE
    ../clib/microlib/init/entry.s            0x00000000   Number         0  entry.o ABSOLUTE
    ../clib/microlib/init/entry.s            0x00000000   Number         0  entry10a.o ABSOLUTE
    ../clib/microlib/init/entry.s            0x00000000   Number         0  entry11b.o ABSOLUTE
    ../clib/microlib/init/entry.s            0x00000000   Number         0  entry10b.o ABSOLUTE
    ../clib/microlib/init/entry.s            0x00000000   Number         0  entry9a.o ABSOLUTE
    ../clib/microlib/init/entry.s            0x00000000   Number         0  entry8b.o ABSOLUTE
    ../clib/microlib/init/entry.s            0x00000000   Number         0  entry8a.o ABSOLUTE
    ../clib/microlib/init/entry.s            0x00000000   Number         0  entry7b.o ABSOLUTE
    ../clib/microlib/init/entry.s            0x00000000   Number         0  entry7a.o ABSOLUTE
    ../clib/microlib/init/entry.s            0x00000000   Number         0  entry5.o ABSOLUTE
    ADC.c                                    0x00000000   Number         0  adc.o ABSOLUTE
    IO.c                                     0x00000000   Number         0  io.o ABSOLUTE
    LCD.c                                    0x00000000   Number         0  lcd.o ABSOLUTE
    Lab7.c                                   0x00000000   Number         0  lab7.o ABSOLUTE
    Print.c                                  0x00000000   Number         0  print.o ABSOLUTE
    ST7735.c                                 0x00000000   Number         0  st7735.o ABSOLUTE
    TExaS.c                                  0x00000000   Number         0  texas.o ABSOLUTE
    dc.s                                     0x00000000   Number         0  dc.o ABSOLUTE
    handlers.s                               0x00000000   Number         0  handlers.o ABSOLUTE
    init.s                                   0x00000000   Number         0  init.o ABSOLUTE
    startup.s                                0x00000000   Number         0  startup.o ABSOLUTE
    .ARM.Collect$$$$00000000                 0x00000284   Section        0  entry.o(.ARM.Collect$$$$00000000)
    .ARM.Collect$$$$00000001                 0x00000284   Section        4  entry2.o(.ARM.Collect$$$$00000001)
    .ARM.Collect$$$$00000004                 0x00000288   Section        4  entry5.o(.ARM.Collect$$$$00000004)
    .ARM.Collect$$$$00000008                 0x0000028c   Section        0  entry7b.o(.ARM.Collect$$$$00000008)
    .ARM.Collect$$$$0000000A                 0x0000028c   Section        0  entry8b.o(.ARM.Collect$$$$0000000A)
    .ARM.Collect$$$$0000000B                 0x0000028c   Section        8  entry9a.o(.ARM.Collect$$$$0000000B)
    .ARM.Collect$$$$0000000D                 0x00000294   Section        0  entry10a.o(.ARM.Collect$$$$0000000D)
    .ARM.Collect$$$$0000000F                 0x00000294   Section        0  entry11a.o(.ARM.Collect$$$$0000000F)
    .ARM.Collect$$$$00002712                 0x00000294   Section        4  entry2.o(.ARM.Collect$$$$00002712)
    __lit__00000000                          0x00000294   Data           4  entry2.o(.ARM.Collect$$$$00002712)
    .text                                    0x00000298   Section        0  texas.o(.text)
    .text                                    0x00000738   Section       36  init.o(.text)
    i.ADC_In                                 0x0000075c   Section        0  adc.o(i.ADC_In)
    i.ADC_Init                               0x00000788   Section        0  adc.o(i.ADC_Init)
    i.Convert                                0x00000880   Section        0  lab7.o(i.Convert)
    i.Delay1ms                               0x0000088e   Section        0  st7735.o(i.Delay1ms)
    i.LCD_OutDec                             0x000008ae   Section        0  print.o(i.LCD_OutDec)
    i.LCD_OutFix                             0x000008e6   Section        0  print.o(i.LCD_OutFix)
    i.PortF_Init                             0x00000980   Section        0  lab7.o(i.PortF_Init)
    i.ST7735_DrawCharS                       0x000009e8   Section        0  st7735.o(i.ST7735_DrawCharS)
    i.ST7735_DrawPixel                       0x00000adc   Section        0  st7735.o(i.ST7735_DrawPixel)
    i.ST7735_DrawString                      0x00000b24   Section        0  st7735.o(i.ST7735_DrawString)
    i.ST7735_FillRect                        0x00000b7c   Section        0  st7735.o(i.ST7735_FillRect)
    i.ST7735_FillScreen                      0x00000c28   Section        0  st7735.o(i.ST7735_FillScreen)
    i.ST7735_InitR                           0x00000c4c   Section        0  st7735.o(i.ST7735_InitR)
    i.ST7735_OutChar                         0x00000cc8   Section        0  st7735.o(i.ST7735_OutChar)
    i.ST7735_OutString                       0x00000d9c   Section        0  st7735.o(i.ST7735_OutString)
    i.ST7735_SetCursor                       0x00000db4   Section        0  st7735.o(i.ST7735_SetCursor)
    i.SysTick_Handler                        0x00000dd4   Section        0  lab7.o(i.SysTick_Handler)
    i.SysTick_Init                           0x00000df0   Section        0  lab7.o(i.SysTick_Init)
    i.__scatterload_copy                     0x00000e08   Section       14  handlers.o(i.__scatterload_copy)
    i.__scatterload_null                     0x00000e16   Section        2  handlers.o(i.__scatterload_null)
    i.__scatterload_zeroinit                 0x00000e18   Section       14  handlers.o(i.__scatterload_zeroinit)
    i.commandList                            0x00000e26   Section        0  st7735.o(i.commandList)
    commandList                              0x00000e27   Thumb Code    86  st7735.o(i.commandList)
    i.commonInit                             0x00000e7c   Section        0  st7735.o(i.commonInit)
    commonInit                               0x00000e7d   Thumb Code   340  st7735.o(i.commonInit)
    i.main                                   0x00001000   Section        0  lab7.o(i.main)
    i.pushColor                              0x00001090   Section        0  st7735.o(i.pushColor)
    pushColor                                0x00001091   Thumb Code    18  st7735.o(i.pushColor)
    i.setAddrWindow                          0x000010a4   Section        0  st7735.o(i.setAddrWindow)
    setAddrWindow                            0x000010a5   Thumb Code   106  st7735.o(i.setAddrWindow)
    i.writecommand                           0x00001118   Section        0  lcd.o(i.writecommand)
    i.writedata                              0x00001150   Section        0  lcd.o(i.writedata)
    .constdata                               0x0000117c   Section     2018  st7735.o(.constdata)
    Font                                     0x0000117c   Data        1275  st7735.o(.constdata)
    Bcmd                                     0x00001677   Data         103  st7735.o(.constdata)
    Rcmd1                                    0x000016de   Data          59  st7735.o(.constdata)
    Rcmd2green                               0x00001719   Data          13  st7735.o(.constdata)
    Rcmd2red                                 0x00001726   Data          13  st7735.o(.constdata)
    Rcmd3                                    0x00001733   Data          43  st7735.o(.constdata)
    .constdata                               0x0000195e   Section      240  texas.o(.constdata)
    .data                                    0x20000000   Section       44  st7735.o(.data)
    _width                                   0x2000000a   Data           2  st7735.o(.data)
    _height                                  0x2000000c   Data           2  st7735.o(.data)
    ColStart                                 0x20000014   Data           1  st7735.o(.data)
    RowStart                                 0x20000015   Data           1  st7735.o(.data)
    Rotation                                 0x20000016   Data           1  st7735.o(.data)
    TabColor                                 0x20000017   Data           1  st7735.o(.data)
    .data                                    0x2000002c   Section       12  lab7.o(.data)
    .data                                    0x20000038   Section       48  texas.o(.data)
    .bss                                     0x20000068   Section       56  texas.o(.bss)
    STACK                                    0x200000a0   Section     1024  startup.o(STACK)
    StackMem                                 0x200000a0   Data           0  startup.o(STACK)

    Global Symbols

    Symbol Name                              Value     Ov Type        Size  Object(Section)

    BuildAttributes$$THM_ISAv4$E$P$D$K$B$S$7EM$PE$A:L22UL41UL21$X:L11$S22US41US21$IEEE1$IW$USESV6$~STKCKD$USESV7$~SHL$OSPACE$EBA8$MICROLIB$REQ8$PRES8$EABIv2 0x00000000   Number         0  anon$$obj.o ABSOLUTE
    __ARM_use_no_argv                        0x00000000   Number         0  lab7.o ABSOLUTE
    __Vectors                                0x00000000   Data           0  startup.o(RESET)
    __cpp_initialize__aeabi_                  - Undefined Weak Reference
    __cxa_finalize                            - Undefined Weak Reference
    __decompress                              - Undefined Weak Reference
    _clock_init                               - Undefined Weak Reference
    _microlib_exit                            - Undefined Weak Reference
    Reset_Handler                            0x0000026d   Thumb Code     0  startup.o(RESET)
    NMI_Handler                              0x00000271   Thumb Code     2  startup.o(RESET)
    HardFault_Handler                        0x00000273   Thumb Code     2  startup.o(RESET)
    MemManage_Handler                        0x00000275   Thumb Code     2  startup.o(RESET)
    BusFault_Handler                         0x00000277   Thumb Code     2  startup.o(RESET)
    UsageFault_Handler                       0x00000279   Thumb Code     2  startup.o(RESET)
    SVC_Handler                              0x0000027b   Thumb Code     2  startup.o(RESET)
    DebugMon_Handler                         0x0000027d   Thumb Code     2  startup.o(RESET)
    PendSV_Handler                           0x0000027f   Thumb Code     2  startup.o(RESET)
    ADC0Seq0_Handler                         0x00000283   Thumb Code     0  startup.o(RESET)
    ADC0Seq1_Handler                         0x00000283   Thumb Code     0  startup.o(RESET)
    ADC0Seq2_Handler                         0x00000283   Thumb Code     0  startup.o(RESET)
    ADC0Seq3_Handler                         0x00000283   Thumb Code     0  startup.o(RESET)
    ADC1Seq0_Handler                         0x00000283   Thumb Code     0  startup.o(RESET)
    ADC1Seq1_Handler                         0x00000283   Thumb Code     0  startup.o(RESET)
    ADC1Seq2_Handler                         0x00000283   Thumb Code     0  startup.o(RESET)
    ADC1Seq3_Handler                         0x00000283   Thumb Code     0  startup.o(RESET)
    CAN0_Handler                             0x00000283   Thumb Code     0  startup.o(RESET)
    CAN1_Handler                             0x00000283   Thumb Code     0  startup.o(RESET)
    CAN2_Handler                             0x00000283   Thumb Code     0  startup.o(RESET)
    Comp0_Handler                            0x00000283   Thumb Code     0  startup.o(RESET)
    Comp1_Handler                            0x00000283   Thumb Code     0  startup.o(RESET)
    Comp2_Handler                            0x00000283   Thumb Code     0  startup.o(RESET)
    Ethernet_Handler                         0x00000283   Thumb Code     0  startup.o(RESET)
    ExtBus_Handler                           0x00000283   Thumb Code     0  startup.o(RESET)
    FPU_Handler                              0x00000283   Thumb Code     0  startup.o(RESET)
    Fan0_Handler                             0x00000283   Thumb Code     0  startup.o(RESET)
    FlashCtl_Handler                         0x00000283   Thumb Code     0  startup.o(RESET)
    GPIOPortA_Handler                        0x00000283   Thumb Code     0  startup.o(RESET)
    GPIOPortB_Handler                        0x00000283   Thumb Code     0  startup.o(RESET)
    GPIOPortC_Handler                        0x00000283   Thumb Code     0  startup.o(RESET)
    GPIOPortD_Handler                        0x00000283   Thumb Code     0  startup.o(RESET)
    GPIOPortE_Handler                        0x00000283   Thumb Code     0  startup.o(RESET)
    GPIOPortF_Handler                        0x00000283   Thumb Code     0  startup.o(RESET)
    GPIOPortG_Handler                        0x00000283   Thumb Code     0  startup.o(RESET)
    GPIOPortH_Handler                        0x00000283   Thumb Code     0  startup.o(RESET)
    GPIOPortJ_Handler                        0x00000283   Thumb Code     0  startup.o(RESET)
    GPIOPortK_Handler                        0x00000283   Thumb Code     0  startup.o(RESET)
    GPIOPortL_Handler                        0x00000283   Thumb Code     0  startup.o(RESET)
    GPIOPortM_Handler                        0x00000283   Thumb Code     0  startup.o(RESET)
    GPIOPortN_Handler                        0x00000283   Thumb Code     0  startup.o(RESET)
    GPIOPortP1_Handler                       0x00000283   Thumb Code     0  startup.o(RESET)
    GPIOPortP2_Handler                       0x00000283   Thumb Code     0  startup.o(RESET)
    GPIOPortP3_Handler                       0x00000283   Thumb Code     0  startup.o(RESET)
    GPIOPortP4_Handler                       0x00000283   Thumb Code     0  startup.o(RESET)
    GPIOPortP5_Handler                       0x00000283   Thumb Code     0  startup.o(RESET)
    GPIOPortP6_Handler                       0x00000283   Thumb Code     0  startup.o(RESET)
    GPIOPortP7_Handler                       0x00000283   Thumb Code     0  startup.o(RESET)
    GPIOPortP_Handler                        0x00000283   Thumb Code     0  startup.o(RESET)
    GPIOPortQ1_Handler                       0x00000283   Thumb Code     0  startup.o(RESET)
    GPIOPortQ2_Handler                       0x00000283   Thumb Code     0  startup.o(RESET)
    GPIOPortQ3_Handler                       0x00000283   Thumb Code     0  startup.o(RESET)
    GPIOPortQ4_Handler                       0x00000283   Thumb Code     0  startup.o(RESET)
    GPIOPortQ5_Handler                       0x00000283   Thumb Code     0  startup.o(RESET)
    GPIOPortQ6_Handler                       0x00000283   Thumb Code     0  startup.o(RESET)
    GPIOPortQ7_Handler                       0x00000283   Thumb Code     0  startup.o(RESET)
    GPIOPortQ_Handler                        0x00000283   Thumb Code     0  startup.o(RESET)
    GPIOPortR_Handler                        0x00000283   Thumb Code     0  startup.o(RESET)
    GPIOPortS_Handler                        0x00000283   Thumb Code     0  startup.o(RESET)
    Hibernate_Handler                        0x00000283   Thumb Code     0  startup.o(RESET)
    I2C0_Handler                             0x00000283   Thumb Code     0  startup.o(RESET)
    I2C1_Handler                             0x00000283   Thumb Code     0  startup.o(RESET)
    I2C2_Handler                             0x00000283   Thumb Code     0  startup.o(RESET)
    I2C3_Handler                             0x00000283   Thumb Code     0  startup.o(RESET)
    I2C4_Handler                             0x00000283   Thumb Code     0  startup.o(RESET)
    I2C5_Handler                             0x00000283   Thumb Code     0  startup.o(RESET)
    I2S0_Handler                             0x00000283   Thumb Code     0  startup.o(RESET)
    LPC0_Handler                             0x00000283   Thumb Code     0  startup.o(RESET)
    PECI0_Handler                            0x00000283   Thumb Code     0  startup.o(RESET)
    PWM0Fault_Handler                        0x00000283   Thumb Code     0  startup.o(RESET)
    PWM0Generator0_Handler                   0x00000283   Thumb Code     0  startup.o(RESET)
    PWM0Generator1_Handler                   0x00000283   Thumb Code     0  startup.o(RESET)
    PWM0Generator2_Handler                   0x00000283   Thumb Code     0  startup.o(RESET)
    PWM0Generator3_Handler                   0x00000283   Thumb Code     0  startup.o(RESET)
    PWM1Fault_Handler                        0x00000283   Thumb Code     0  startup.o(RESET)
    PWM1Generator0_Handler                   0x00000283   Thumb Code     0  startup.o(RESET)
    PWM1Generator1_Handler                   0x00000283   Thumb Code     0  startup.o(RESET)
    PWM1Generator2_Handler                   0x00000283   Thumb Code     0  startup.o(RESET)
    PWM1Generator3_Handler                   0x00000283   Thumb Code     0  startup.o(RESET)
    Quadrature0_Handler                      0x00000283   Thumb Code     0  startup.o(RESET)
    Quadrature1_Handler                      0x00000283   Thumb Code     0  startup.o(RESET)
    Quadrature2_Handler                      0x00000283   Thumb Code     0  startup.o(RESET)
    SSI0_Handler                             0x00000283   Thumb Code     0  startup.o(RESET)
    SSI1_Handler                             0x00000283   Thumb Code     0  startup.o(RESET)
    SSI2_Handler                             0x00000283   Thumb Code     0  startup.o(RESET)
    SSI3_Handler                             0x00000283   Thumb Code     0  startup.o(RESET)
    SysCtl_Handler                           0x00000283   Thumb Code     0  startup.o(RESET)
    Timer0A_Handler                          0x00000283   Thumb Code     0  startup.o(RESET)
    Timer0B_Handler                          0x00000283   Thumb Code     0  startup.o(RESET)
    Timer1A_Handler                          0x00000283   Thumb Code     0  startup.o(RESET)
    Timer1B_Handler                          0x00000283   Thumb Code     0  startup.o(RESET)
    Timer2A_Handler                          0x00000283   Thumb Code     0  startup.o(RESET)
    Timer2B_Handler                          0x00000283   Thumb Code     0  startup.o(RESET)
    Timer3A_Handler                          0x00000283   Thumb Code     0  startup.o(RESET)
    Timer3B_Handler                          0x00000283   Thumb Code     0  startup.o(RESET)
    Timer4B_Handler                          0x00000283   Thumb Code     0  startup.o(RESET)
    Timer5B_Handler                          0x00000283   Thumb Code     0  startup.o(RESET)
    UART0_Handler                            0x00000283   Thumb Code     0  startup.o(RESET)
    UART1_Handler                            0x00000283   Thumb Code     0  startup.o(RESET)
    UART2_Handler                            0x00000283   Thumb Code     0  startup.o(RESET)
    UART3_Handler                            0x00000283   Thumb Code     0  startup.o(RESET)
    UART4_Handler                            0x00000283   Thumb Code     0  startup.o(RESET)
    UART5_Handler                            0x00000283   Thumb Code     0  startup.o(RESET)
    UART6_Handler                            0x00000283   Thumb Code     0  startup.o(RESET)
    UART7_Handler                            0x00000283   Thumb Code     0  startup.o(RESET)
    USB0_Handler                             0x00000283   Thumb Code     0  startup.o(RESET)
    WDT_Handler                              0x00000283   Thumb Code     0  startup.o(RESET)
    WideTimer0A_Handler                      0x00000283   Thumb Code     0  startup.o(RESET)
    WideTimer0B_Handler                      0x00000283   Thumb Code     0  startup.o(RESET)
    WideTimer1A_Handler                      0x00000283   Thumb Code     0  startup.o(RESET)
    WideTimer1B_Handler                      0x00000283   Thumb Code     0  startup.o(RESET)
    WideTimer2A_Handler                      0x00000283   Thumb Code     0  startup.o(RESET)
    WideTimer2B_Handler                      0x00000283   Thumb Code     0  startup.o(RESET)
    WideTimer3A_Handler                      0x00000283   Thumb Code     0  startup.o(RESET)
    WideTimer3B_Handler                      0x00000283   Thumb Code     0  startup.o(RESET)
    WideTimer4A_Handler                      0x00000283   Thumb Code     0  startup.o(RESET)
    WideTimer4B_Handler                      0x00000283   Thumb Code     0  startup.o(RESET)
    WideTimer5A_Handler                      0x00000283   Thumb Code     0  startup.o(RESET)
    WideTimer5B_Handler                      0x00000283   Thumb Code     0  startup.o(RESET)
    uDMA_Error                               0x00000283   Thumb Code     0  startup.o(RESET)
    uDMA_Handler                             0x00000283   Thumb Code     0  startup.o(RESET)
    __main                                   0x00000285   Thumb Code     0  entry.o(.ARM.Collect$$$$00000000)
    _main_stk                                0x00000285   Thumb Code     0  entry2.o(.ARM.Collect$$$$00000001)
    _main_scatterload                        0x00000289   Thumb Code     0  entry5.o(.ARM.Collect$$$$00000004)
    __main_after_scatterload                 0x0000028d   Thumb Code     0  entry5.o(.ARM.Collect$$$$00000004)
    _main_clock                              0x0000028d   Thumb Code     0  entry7b.o(.ARM.Collect$$$$00000008)
    _main_cpp_init                           0x0000028d   Thumb Code     0  entry8b.o(.ARM.Collect$$$$0000000A)
    _main_init                               0x0000028d   Thumb Code     0  entry9a.o(.ARM.Collect$$$$0000000B)
    __rt_final_cpp                           0x00000295   Thumb Code     0  entry10a.o(.ARM.Collect$$$$0000000D)
    __rt_final_exit                          0x00000295   Thumb Code     0  entry11a.o(.ARM.Collect$$$$0000000F)
    ADC1_Init                                0x00000299   Thumb Code   170  texas.o(.text)
    SetCode                                  0x00000343   Thumb Code    20  texas.o(.text)
    UART0_Init                               0x00000357   Thumb Code   162  texas.o(.text)
    SetCourse                                0x000003f9   Thumb Code    22  texas.o(.text)
    PLL_Init                                 0x0000040f   Thumb Code   118  texas.o(.text)
    TExaS_Init                               0x00000485   Thumb Code   282  texas.o(.text)
    StopTimer4                               0x0000059f   Thumb Code    16  texas.o(.text)
    StartTimer4                              0x000005af   Thumb Code    24  texas.o(.text)
    Timer4A_Handler                          0x000005c7   Thumb Code    20  texas.o(.text)
    ADC1_In                                  0x000005db   Thumb Code     6  texas.o(.text)
    Timer5A_Handler                          0x000005e1   Thumb Code    34  texas.o(.text)
    TExaS_Stop                               0x00000603   Thumb Code    18  texas.o(.text)
    copy                                     0x00000615   Thumb Code    16  texas.o(.text)
    SetMode                                  0x00000625   Thumb Code    22  texas.o(.text)
    UART0_InChar                             0x0000063b   Thumb Code    20  texas.o(.text)
    UART0_InCharNonBlocking                  0x0000064f   Thumb Code    22  texas.o(.text)
    UART0_OutChar                            0x00000665   Thumb Code   200  texas.o(.text)
    UART0_OutCharNonBlock                    0x0000072d   Thumb Code     6  texas.o(.text)
    __scatterload                            0x00000739   Thumb Code    28  init.o(.text)
    __scatterload_rt2                        0x00000739   Thumb Code     0  init.o(.text)
    ADC_In                                   0x0000075d   Thumb Code    36  adc.o(i.ADC_In)
    ADC_Init                                 0x00000789   Thumb Code   206  adc.o(i.ADC_Init)
    Convert                                  0x00000881   Thumb Code    14  lab7.o(i.Convert)
    Delay1ms                                 0x0000088f   Thumb Code    32  st7735.o(i.Delay1ms)
    LCD_OutDec                               0x000008af   Thumb Code    56  print.o(i.LCD_OutDec)
    LCD_OutFix                               0x000008e7   Thumb Code   154  print.o(i.LCD_OutFix)
    PortF_Init                               0x00000981   Thumb Code    76  lab7.o(i.PortF_Init)
    ST7735_DrawCharS                         0x000009e9   Thumb Code   232  st7735.o(i.ST7735_DrawCharS)
    ST7735_DrawPixel                         0x00000add   Thumb Code    64  st7735.o(i.ST7735_DrawPixel)
    ST7735_DrawString                        0x00000b25   Thumb Code    86  st7735.o(i.ST7735_DrawString)
    ST7735_FillRect                          0x00000b7d   Thumb Code   164  st7735.o(i.ST7735_FillRect)
    ST7735_FillScreen                        0x00000c29   Thumb Code    28  st7735.o(i.ST7735_FillScreen)
    ST7735_InitR                             0x00000c4d   Thumb Code    90  st7735.o(i.ST7735_InitR)
    ST7735_OutChar                           0x00000cc9   Thumb Code   176  st7735.o(i.ST7735_OutChar)
    ST7735_OutString                         0x00000d9d   Thumb Code    24  st7735.o(i.ST7735_OutString)
    ST7735_SetCursor                         0x00000db5   Thumb Code    22  st7735.o(i.ST7735_SetCursor)
    SysTick_Handler                          0x00000dd5   Thumb Code    18  lab7.o(i.SysTick_Handler)
    SysTick_Init                             0x00000df1   Thumb Code    24  lab7.o(i.SysTick_Init)
    __scatterload_copy                       0x00000e09   Thumb Code    14  handlers.o(i.__scatterload_copy)
    __scatterload_null                       0x00000e17   Thumb Code     2  handlers.o(i.__scatterload_null)
    __scatterload_zeroinit                   0x00000e19   Thumb Code    14  handlers.o(i.__scatterload_zeroinit)
    main                                     0x00001001   Thumb Code   120  lab7.o(i.main)
    writecommand                             0x00001119   Thumb Code    46  lcd.o(i.writecommand)
    writedata                                0x00001151   Thumb Code    34  lcd.o(i.writedata)
    dBfs                                     0x0000175e   Data         512  st7735.o(.constdata)
    InputPortMsg                             0x0000195e   Data          40  texas.o(.constdata)
    OutputPortMsg                            0x00001986   Data          40  texas.o(.constdata)
    BlankMsg                                 0x000019ae   Data          40  texas.o(.constdata)
    InitializedMsg                           0x000019d6   Data          40  texas.o(.constdata)
    IntroMsg                                 0x000019fe   Data          40  texas.o(.constdata)
    DoneMsg                                  0x00001a26   Data          40  texas.o(.constdata)
    Region$$Table$$Base                      0x00001a50   Number         0  anon$$obj.o(Region$$Table)
    Region$$Table$$Limit                     0x00001a70   Number         0  anon$$obj.o(Region$$Table)
    StX                                      0x20000000   Data           4  st7735.o(.data)
    StY                                      0x20000004   Data           4  st7735.o(.data)
    StTextColor                              0x20000008   Data           2  st7735.o(.data)
    lastj                                    0x20000010   Data           4  st7735.o(.data)
    Messageindex                             0x20000018   Data           4  st7735.o(.data)
    Ymax                                     0x2000001c   Data           4  st7735.o(.data)
    Ymin                                     0x20000020   Data           4  st7735.o(.data)
    X                                        0x20000024   Data           4  st7735.o(.data)
    Yrange                                   0x20000028   Data           4  st7735.o(.data)
    mailbox                                  0x2000002c   Data           1  lab7.o(.data)
    Data                                     0x20000030   Data           4  lab7.o(.data)
    Position                                 0x20000034   Data           4  lab7.o(.data)
    TExaS_Period                             0x20000038   Data           4  texas.o(.data)
    TExaS_Ports                              0x2000003c   Data           8  texas.o(.data)
    TExaS_Meter                              0x20000044   Data           4  texas.o(.data)
    ADCnum                                   0x20000048   Data           4  texas.o(.data)
    LastMode                                 0x2000004c   Data           4  texas.o(.data)
    bFlag                                    0x20000050   Data           4  texas.o(.data)
    Count                                    0x20000054   Data           4  texas.o(.data)
    DelayBetweenTests                        0x20000058   Data           4  texas.o(.data)
    TExaS_Test                               0x2000005c   Data           4  texas.o(.data)
    ScopeMode                                0x20000060   Data           4  texas.o(.data)
    ScopeCount                               0x20000064   Data           4  texas.o(.data)
    TExaS                                    0x20000068   Data          56  texas.o(.bss)
    __initial_sp                             0x200004a0   Data           0  startup.o(STACK)



==============================================================================

Memory Map of the image

  Image Entry point : 0x0000026d

  Load Region LR_1 (Base: 0x00000000, Size: 0x00001ad8, Max: 0xffffffff, ABSOLUTE)

    Execution Region ER_RO (Base: 0x00000000, Size: 0x00001a70, Max: 0xffffffff, ABSOLUTE)

    Base Addr    Size         Type   Attr      Idx    E Section Name        Object

    0x00000000   0x00000284   Code   RO            3  * RESET               startup.o
    0x00000284   0x00000000   Code   RO          446  * .ARM.Collect$$$$00000000  mc_w.l(entry.o)
    0x00000284   0x00000004   Code   RO          449    .ARM.Collect$$$$00000001  mc_w.l(entry2.o)
    0x00000288   0x00000004   Code   RO          452    .ARM.Collect$$$$00000004  mc_w.l(entry5.o)
    0x0000028c   0x00000000   Code   RO          454    .ARM.Collect$$$$00000008  mc_w.l(entry7b.o)
    0x0000028c   0x00000000   Code   RO          456    .ARM.Collect$$$$0000000A  mc_w.l(entry8b.o)
    0x0000028c   0x00000008   Code   RO          457    .ARM.Collect$$$$0000000B  mc_w.l(entry9a.o)
    0x00000294   0x00000000   Code   RO          459    .ARM.Collect$$$$0000000D  mc_w.l(entry10a.o)
    0x00000294   0x00000000   Code   RO          461    .ARM.Collect$$$$0000000F  mc_w.l(entry11a.o)
    0x00000294   0x00000004   Code   RO          450    .ARM.Collect$$$$00002712  mc_w.l(entry2.o)
    0x00000298   0x000004a0   Code   RO          429    .text               texas.o
    0x00000738   0x00000024   Code   RO          463    .text               mc_w.l(init.o)
    0x0000075c   0x0000002c   Code   RO          411    i.ADC_In            adc.o
    0x00000788   0x000000f8   Code   RO          412    i.ADC_Init          adc.o
    0x00000880   0x0000000e   Code   RO          348    i.Convert           lab7.o
    0x0000088e   0x00000020   Code   RO           12    i.Delay1ms          st7735.o
    0x000008ae   0x00000038   Code   RO          330    i.LCD_OutDec        print.o
    0x000008e6   0x0000009a   Code   RO          331    i.LCD_OutFix        print.o
    0x00000980   0x00000068   Code   RO          349    i.PortF_Init        lab7.o
    0x000009e8   0x000000f4   Code   RO           21    i.ST7735_DrawCharS  st7735.o
    0x00000adc   0x00000048   Code   RO           24    i.ST7735_DrawPixel  st7735.o
    0x00000b24   0x00000056   Code   RO           25    i.ST7735_DrawString  st7735.o
    0x00000b7a   0x00000002   PAD
    0x00000b7c   0x000000ac   Code   RO           26    i.ST7735_FillRect   st7735.o
    0x00000c28   0x00000024   Code   RO           27    i.ST7735_FillScreen  st7735.o
    0x00000c4c   0x0000007c   Code   RO           29    i.ST7735_InitR      st7735.o
    0x00000cc8   0x000000d4   Code   RO           31    i.ST7735_OutChar    st7735.o
    0x00000d9c   0x00000018   Code   RO           32    i.ST7735_OutString  st7735.o
    0x00000db4   0x00000020   Code   RO           42    i.ST7735_SetCursor  st7735.o
    0x00000dd4   0x0000001c   Code   RO          350    i.SysTick_Handler   lab7.o
    0x00000df0   0x00000018   Code   RO          351    i.SysTick_Init      lab7.o
    0x00000e08   0x0000000e   Code   RO          467    i.__scatterload_copy  mc_w.l(handlers.o)
    0x00000e16   0x00000002   Code   RO          468    i.__scatterload_null  mc_w.l(handlers.o)
    0x00000e18   0x0000000e   Code   RO          469    i.__scatterload_zeroinit  mc_w.l(handlers.o)
    0x00000e26   0x00000056   Code   RO           46    i.commandList       st7735.o
    0x00000e7c   0x00000184   Code   RO           47    i.commonInit        st7735.o
    0x00001000   0x00000090   Code   RO          352    i.main              lab7.o
    0x00001090   0x00000012   Code   RO           52    i.pushColor         st7735.o
    0x000010a2   0x00000002   PAD
    0x000010a4   0x00000074   Code   RO           53    i.setAddrWindow     st7735.o
    0x00001118   0x00000038   Code   RO          288    i.writecommand      lcd.o
    0x00001150   0x0000002c   Code   RO          289    i.writedata         lcd.o
    0x0000117c   0x000007e2   Data   RO           55    .constdata          st7735.o
    0x0000195e   0x000000f0   Data   RO          431    .constdata          texas.o
    0x00001a4e   0x00000002   PAD
    0x00001a50   0x00000020   Data   RO          465    Region$$Table       anon$$obj.o


    Execution Region ER_RW (Base: 0x20000000, Size: 0x00000068, Max: 0xffffffff, ABSOLUTE)

    Base Addr    Size         Type   Attr      Idx    E Section Name        Object

    0x20000000   0x0000002c   Data   RW           56    .data               st7735.o
    0x2000002c   0x0000000c   Data   RW          356    .data               lab7.o
    0x20000038   0x00000030   Data   RW          432    .data               texas.o


    Execution Region ER_ZI (Base: 0x20000068, Size: 0x00000438, Max: 0xffffffff, ABSOLUTE)

    Base Addr    Size         Type   Attr      Idx    E Section Name        Object

    0x20000068   0x00000038   Zero   RW          430    .bss                texas.o
    0x200000a0   0x00000400   Zero   RW            1    STACK               startup.o


==============================================================================

Image component sizes


      Code (inc. data)   RO Data    RW Data    ZI Data      Debug   Object Name

       292         50          0          0          0        828   adc.o
       314         62          0         12          0       2131   lab7.o
       100         20          0          0          0        751   lcd.o
       210          0          0          0          0        918   print.o
      1642        174       2018         44          0      15346   st7735.o
       644        620          0          0       1024        680   startup.o
      1184        188        240         48         56      14668   texas.o

    ----------------------------------------------------------------------
      4390       1114       2292        104       1080      35322   Object Totals
         0          0         32          0          0          0   (incl. Generated)
         4          0          2          0          0          0   (incl. Padding)

    ----------------------------------------------------------------------

      Code (inc. data)   RO Data    RW Data    ZI Data      Debug   Library Member Name

         0          0          0          0          0          0   entry.o
         0          0          0          0          0          0   entry10a.o
         0          0          0          0          0          0   entry11a.o
         8          4          0          0          0          0   entry2.o
         4          0          0          0          0          0   entry5.o
         0          0          0          0          0          0   entry7b.o
         0          0          0          0          0          0   entry8b.o
         8          4          0          0          0          0   entry9a.o
        30          0          0          0          0          0   handlers.o
        36          8          0          0          0         68   init.o

    ----------------------------------------------------------------------
        86         16          0          0          0         68   Library Totals
         0          0          0          0          0          0   (incl. Padding)

    ----------------------------------------------------------------------

      Code (inc. data)   RO Data    RW Data    ZI Data      Debug   Library Name

        86         16          0          0          0         68   mc_w.l

    ----------------------------------------------------------------------
        86         16          0          0          0         68   Library Totals

    ----------------------------------------------------------------------

==============================================================================


      Code (inc. data)   RO Data    RW Data    ZI Data      Debug   

      4476       1130       2292        104       1080      34090   Grand Totals
      4476       1130       2292        104       1080      34090   ELF Image Totals
      4476       1130       2292        104          0          0   ROM Totals

==============================================================================

    Total RO  Size (Code + RO Data)                 6768 (   6.61kB)
    Total RW  Size (RW Data + ZI Data)              1184 (   1.16kB)
    Total ROM Size (Code + RO Data + RW Data)       6872 (   6.71kB)

==============================================================================

