<html>
<body>
<pre>
<h1>µVision Build Log</h1>
<h2>Project:</h2>
C:\Users\ry2333\Dropbox\School\StudyAbroad\2016\Summer2016\CourseDocuments\EE319KIndiawareMaker\MySetup\EE319KIndiaware\Lab7\Lab7.uvproj
Project File Date:  07/04/2016

<h2>Output:</h2>
Rebuild target 'Lab7'
assembling startup.s...
compiling ST7735.c...
compiling LCD.c...
compiling IO.c...
compiling Print.c...
compiling Lab7.c...
compiling ADC.c...
linking...
Program Size: Code=1922 RO-data=274 RW-data=48 ZI-data=1080  
".\Lab7.axf" - 0 Errors, 0 Warning(s).
Clean started: Project: 'Lab7'
   deleting intermediate output files for target 'Lab7'
