<html>
<body>
<pre>
<h1>µVision Build Log</h1>
<h2>Project:</h2>
C:\Users\Epik\Desktop\labs\Homework2\pulse.uvproj
Project File Date:  06/23/2016

<h2>Output:</h2>
Rebuild target 'pulse'
assembling startup.s...
compiling pulse.c...
compiling light.c...
compiling SysTick.c...
assembling PLL.s...
linking...
Program Size: Code=1392 RO-data=32 RW-data=4 ZI-data=1124  
".\InputOutput.axf" - 0 Error(s), 0 Warning(s).
</pre>
</body>
</html>
ktop\\labs\\Homework2\\InputOutput.axf" 
Connecting: Mode=JTAG, Speed=1000000Hz
Erase Done.
Programming Done.
Verify OK.
Load "C:\\Users\\Epik\\Desktop\\labs\\Homework2\\InputOutput.axf" 
Connecting: Mode=JTAG, Speed=1000000Hz
Erase Done.
Programming Done.
Verify OK.
