<html>
<body>
<pre>
<h1>µVision Build Log</h1>
<h2>Project:</h2>
C:\Users\Epik\Desktop\labs\Lab8\Lab7.uvproj
Project File Date:  08/03/2016

<h2>Output:</h2>
Build target 'Lab7'
compiling Lab7.c...
linking...
Program Size: Code=4984 RO-data=2292 RW-data=144 ZI-data=1096  
".\Lab7.axf" - 0 Error(s), 0 Warning(s).
Load "C:\\Users\\Epik\\Desktop\\labs\\Lab8\\Lab7.axf" 
Connecting: Mode=JTAG, Speed=1000000Hz
Erase Done.
Programming Done.
Verify OK.
Load "C:\\Users\\Epik\\Desktop\\labs\\Lab8\\Lab7.axf" 
Connecting: Mode=JTAG, Speed=1000000Hz
Erase Done.
Programming Done.
Verify OK.
</pre>
</body>
</html>
y OK.
Load "C:\\Users\\Epik\\Desktop\\labs\\Lab8\\Lab7.axf" 
Connecting: Mode=JTAG, Speed=1000000Hz
Erase Done.
Programming Done.
Verify OK.
Load "C:\\Users\\Epik\\Desktop\\labs\\Lab8\\Lab7.axf" 
Connecting: Mode=JTAG, Speed=1000000Hz
Erase Done.
Programming Done.
Verify OK.
Load "C:\\Users\\Epik\\Desktop\\labs\\Lab8\\Lab7.axf" 
Connecting: Mode=JTAG, Speed=1000000Hz
Erase Done.
Programming Done.
Verify OK.
Load "C:\\Users\\Epik\\Desktop\\labs\\Lab8\\Lab7.axf" 
Connecting: Mode=JTAG, Speed=1000000Hz
Erase Done.
Programming Done.
Verify OK.
Load "C:\\Users\\Epik\\Desktop\\labs\\Lab8\\Lab7.axf" 
Connecting: Mode=JTAG, Speed=1000000Hz
Erase Done.
Programming Done.
Verify OK.
