ARM Linker, 5.03 [Build 76] [MDK-ARM Lite]

==============================================================================

Section Cross References

    startup.o(RESET) refers to startup.o(STACK) for StackMem
    startup.o(RESET) refers to lab7.o(i.SysTick_Handler) for SysTick_Handler
    startup.o(RESET) refers to uart.o(i.UART1_Handler) for UART1_Handler
    startup.o(RESET) refers to texas.o(.text) for Timer4A_Handler
    startup.o(RESET) refers to entry.o(.ARM.Collect$$$$00000000) for __main
    st7735.o(i.Output_Clear) refers to st7735.o(i.ST7735_FillScreen) for ST7735_FillScreen
    st7735.o(i.Output_Color) refers to st7735.o(i.ST7735_SetTextColor) for ST7735_SetTextColor
    st7735.o(i.Output_Init) refers to st7735.o(i.ST7735_InitR) for ST7735_InitR
    st7735.o(i.Output_Init) refers to st7735.o(i.ST7735_FillScreen) for ST7735_FillScreen
    st7735.o(i.Output_Off) refers to st7735.o(i.Output_Clear) for Output_Clear
    st7735.o(i.Output_On) refers to st7735.o(i.Output_Init) for Output_Init
    st7735.o(i.ST7735_DrawBitmap) refers to st7735.o(i.setAddrWindow) for setAddrWindow
    st7735.o(i.ST7735_DrawBitmap) refers to lcd.o(i.writedata) for writedata
    st7735.o(i.ST7735_DrawBitmap) refers to st7735.o(.data) for _width
    st7735.o(i.ST7735_DrawChar) refers to st7735.o(i.setAddrWindow) for setAddrWindow
    st7735.o(i.ST7735_DrawChar) refers to st7735.o(i.pushColor) for pushColor
    st7735.o(i.ST7735_DrawChar) refers to st7735.o(.data) for _width
    st7735.o(i.ST7735_DrawChar) refers to st7735.o(.constdata) for Font
    st7735.o(i.ST7735_DrawCharS) refers to st7735.o(i.ST7735_DrawPixel) for ST7735_DrawPixel
    st7735.o(i.ST7735_DrawCharS) refers to st7735.o(i.ST7735_FillRect) for ST7735_FillRect
    st7735.o(i.ST7735_DrawCharS) refers to st7735.o(.data) for _width
    st7735.o(i.ST7735_DrawCharS) refers to st7735.o(.constdata) for Font
    st7735.o(i.ST7735_DrawFastHLine) refers to st7735.o(i.setAddrWindow) for setAddrWindow
    st7735.o(i.ST7735_DrawFastHLine) refers to lcd.o(i.writedata) for writedata
    st7735.o(i.ST7735_DrawFastHLine) refers to st7735.o(.data) for _width
    st7735.o(i.ST7735_DrawFastVLine) refers to st7735.o(i.setAddrWindow) for setAddrWindow
    st7735.o(i.ST7735_DrawFastVLine) refers to lcd.o(i.writedata) for writedata
    st7735.o(i.ST7735_DrawFastVLine) refers to st7735.o(.data) for _width
    st7735.o(i.ST7735_DrawPixel) refers to st7735.o(i.setAddrWindow) for setAddrWindow
    st7735.o(i.ST7735_DrawPixel) refers to st7735.o(i.pushColor) for pushColor
    st7735.o(i.ST7735_DrawPixel) refers to st7735.o(.data) for _width
    st7735.o(i.ST7735_DrawString) refers to st7735.o(i.ST7735_DrawCharS) for ST7735_DrawCharS
    st7735.o(i.ST7735_FillRect) refers to st7735.o(i.setAddrWindow) for setAddrWindow
    st7735.o(i.ST7735_FillRect) refers to lcd.o(i.writedata) for writedata
    st7735.o(i.ST7735_FillRect) refers to st7735.o(.data) for _width
    st7735.o(i.ST7735_FillScreen) refers to st7735.o(i.ST7735_FillRect) for ST7735_FillRect
    st7735.o(i.ST7735_FillScreen) refers to st7735.o(.data) for _height
    st7735.o(i.ST7735_InitB) refers to st7735.o(i.commonInit) for commonInit
    st7735.o(i.ST7735_InitB) refers to st7735.o(i.ST7735_SetCursor) for ST7735_SetCursor
    st7735.o(i.ST7735_InitB) refers to st7735.o(i.ST7735_FillScreen) for ST7735_FillScreen
    st7735.o(i.ST7735_InitB) refers to st7735.o(.constdata) for Bcmd
    st7735.o(i.ST7735_InitB) refers to st7735.o(.data) for StTextColor
    st7735.o(i.ST7735_InitR) refers to st7735.o(i.commonInit) for commonInit
    st7735.o(i.ST7735_InitR) refers to st7735.o(i.commandList) for commandList
    st7735.o(i.ST7735_InitR) refers to lcd.o(i.writecommand) for writecommand
    st7735.o(i.ST7735_InitR) refers to lcd.o(i.writedata) for writedata
    st7735.o(i.ST7735_InitR) refers to st7735.o(i.ST7735_SetCursor) for ST7735_SetCursor
    st7735.o(i.ST7735_InitR) refers to st7735.o(i.ST7735_FillScreen) for ST7735_FillScreen
    st7735.o(i.ST7735_InitR) refers to st7735.o(.constdata) for Rcmd1
    st7735.o(i.ST7735_InitR) refers to st7735.o(.data) for ColStart
    st7735.o(i.ST7735_InvertDisplay) refers to lcd.o(i.writecommand) for writecommand
    st7735.o(i.ST7735_OutChar) refers to st7735.o(i.ST7735_DrawString) for ST7735_DrawString
    st7735.o(i.ST7735_OutChar) refers to st7735.o(i.ST7735_DrawCharS) for ST7735_DrawCharS
    st7735.o(i.ST7735_OutChar) refers to st7735.o(.data) for StY
    st7735.o(i.ST7735_OutString) refers to st7735.o(i.ST7735_OutChar) for ST7735_OutChar
    st7735.o(i.ST7735_OutUDec) refers to st7735.o(i.fillmessage) for fillmessage
    st7735.o(i.ST7735_OutUDec) refers to st7735.o(i.ST7735_DrawString) for ST7735_DrawString
    st7735.o(i.ST7735_OutUDec) refers to st7735.o(i.ST7735_DrawCharS) for ST7735_DrawCharS
    st7735.o(i.ST7735_OutUDec) refers to st7735.o(.data) for Messageindex
    st7735.o(i.ST7735_OutUDec) refers to st7735.o(.bss) for Message
    st7735.o(i.ST7735_PlotBar) refers to st7735.o(i.ST7735_DrawFastVLine) for ST7735_DrawFastVLine
    st7735.o(i.ST7735_PlotBar) refers to st7735.o(.data) for Ymin
    st7735.o(i.ST7735_PlotClear) refers to st7735.o(i.ST7735_Color565) for ST7735_Color565
    st7735.o(i.ST7735_PlotClear) refers to st7735.o(i.ST7735_FillRect) for ST7735_FillRect
    st7735.o(i.ST7735_PlotClear) refers to st7735.o(.data) for Ymax
    st7735.o(i.ST7735_PlotLine) refers to st7735.o(i.ST7735_DrawPixel) for ST7735_DrawPixel
    st7735.o(i.ST7735_PlotLine) refers to st7735.o(.data) for Ymin
    st7735.o(i.ST7735_PlotNext) refers to st7735.o(.data) for X
    st7735.o(i.ST7735_PlotNextErase) refers to st7735.o(i.ST7735_Color565) for ST7735_Color565
    st7735.o(i.ST7735_PlotNextErase) refers to st7735.o(i.ST7735_DrawFastVLine) for ST7735_DrawFastVLine
    st7735.o(i.ST7735_PlotNextErase) refers to st7735.o(.data) for X
    st7735.o(i.ST7735_PlotPoint) refers to st7735.o(i.ST7735_DrawPixel) for ST7735_DrawPixel
    st7735.o(i.ST7735_PlotPoint) refers to st7735.o(.data) for Ymin
    st7735.o(i.ST7735_PlotPoints) refers to st7735.o(i.ST7735_DrawPixel) for ST7735_DrawPixel
    st7735.o(i.ST7735_PlotPoints) refers to st7735.o(.data) for Ymin
    st7735.o(i.ST7735_PlotdBfs) refers to st7735.o(i.ST7735_DrawFastVLine) for ST7735_DrawFastVLine
    st7735.o(i.ST7735_PlotdBfs) refers to st7735.o(.constdata) for dBfs
    st7735.o(i.ST7735_PlotdBfs) refers to st7735.o(.data) for X
    st7735.o(i.ST7735_SetCursor) refers to st7735.o(.data) for StX
    st7735.o(i.ST7735_SetRotation) refers to lcd.o(i.writecommand) for writecommand
    st7735.o(i.ST7735_SetRotation) refers to lcd.o(i.writedata) for writedata
    st7735.o(i.ST7735_SetRotation) refers to st7735.o(.data) for Rotation
    st7735.o(i.ST7735_SetTextColor) refers to st7735.o(.data) for StTextColor
    st7735.o(i.commandList) refers to lcd.o(i.writecommand) for writecommand
    st7735.o(i.commandList) refers to lcd.o(i.writedata) for writedata
    st7735.o(i.commandList) refers to st7735.o(i.Delay1ms) for Delay1ms
    st7735.o(i.commonInit) refers to st7735.o(i.Delay1ms) for Delay1ms
    st7735.o(i.commonInit) refers to st7735.o(i.commandList) for commandList
    st7735.o(i.commonInit) refers to st7735.o(.data) for RowStart
    st7735.o(i.fillmessage) refers to st7735.o(.bss) for Message
    st7735.o(i.fillmessage) refers to st7735.o(.data) for Messageindex
    st7735.o(i.fputc) refers to st7735.o(i.ST7735_OutChar) for ST7735_OutChar
    st7735.o(i.pushColor) refers to lcd.o(i.writedata) for writedata
    st7735.o(i.setAddrWindow) refers to lcd.o(i.writecommand) for writecommand
    st7735.o(i.setAddrWindow) refers to lcd.o(i.writedata) for writedata
    st7735.o(i.setAddrWindow) refers to st7735.o(.data) for ColStart
    print.o(i.LCD_OutDec) refers to st7735.o(i.ST7735_OutChar) for ST7735_OutChar
    print.o(i.LCD_OutFix) refers to st7735.o(i.ST7735_OutChar) for ST7735_OutChar
    lab7.o(i.Convert) refers to lab7.o(.data) for t_buffer
    lab7.o(i.SysTick_Handler) refers to adc.o(i.ADC_In) for ADC_In
    lab7.o(i.SysTick_Handler) refers to lab7.o(i.Convert) for Convert
    lab7.o(i.SysTick_Handler) refers to uart.o(i.UART_OutChar) for UART_OutChar
    lab7.o(i.SysTick_Handler) refers to lab7.o(.data) for i
    lab7.o(i.main) refers to startup.o(.text) for DisableInterrupts
    lab7.o(i.main) refers to texas.o(.text) for TExaS_Init
    lab7.o(i.main) refers to lab7.o(i.PortF_Init) for PortF_Init
    lab7.o(i.main) refers to adc.o(i.ADC_Init) for ADC_Init
    lab7.o(i.main) refers to lab7.o(i.SysTick_Init) for SysTick_Init
    lab7.o(i.main) refers to uart.o(i.UART_Init) for UART_Init
    lab7.o(i.main) refers to st7735.o(i.ST7735_InitR) for ST7735_InitR
    lab7.o(i.main) refers to fifo.o(i.FIFO_Get) for FIFO_Get
    lab7.o(i.main) refers to st7735.o(i.ST7735_OutString) for ST7735_OutString
    lab7.o(i.main) refers to lab7.o(.data) for c
    lab7.o(i.main1) refers to texas.o(.text) for TExaS_Init
    lab7.o(i.main1) refers to adc.o(i.ADC_Init) for ADC_Init
    lab7.o(i.main1) refers to adc.o(i.ADC_In) for ADC_In
    lab7.o(i.main1) refers to lab7.o(.data) for Data
    lab7.o(i.main2) refers to texas.o(.text) for TExaS_Init
    lab7.o(i.main2) refers to adc.o(i.ADC_Init) for ADC_Init
    lab7.o(i.main2) refers to st7735.o(i.ST7735_InitR) for ST7735_InitR
    lab7.o(i.main2) refers to lab7.o(i.PortF_Init) for PortF_Init
    lab7.o(i.main2) refers to adc.o(i.ADC_In) for ADC_In
    lab7.o(i.main2) refers to st7735.o(i.ST7735_SetCursor) for ST7735_SetCursor
    lab7.o(i.main2) refers to print.o(i.LCD_OutDec) for LCD_OutDec
    lab7.o(i.main2) refers to st7735.o(i.ST7735_OutString) for ST7735_OutString
    lab7.o(i.main2) refers to lab7.o(.data) for Data
    lab7.o(i.main3) refers to texas.o(.text) for TExaS_Init
    lab7.o(i.main3) refers to st7735.o(i.ST7735_InitR) for ST7735_InitR
    lab7.o(i.main3) refers to lab7.o(i.PortF_Init) for PortF_Init
    lab7.o(i.main3) refers to adc.o(i.ADC_Init) for ADC_Init
    lab7.o(i.main3) refers to adc.o(i.ADC_In) for ADC_In
    lab7.o(i.main3) refers to st7735.o(i.ST7735_SetCursor) for ST7735_SetCursor
    lab7.o(i.main3) refers to print.o(i.LCD_OutDec) for LCD_OutDec
    lab7.o(i.main3) refers to st7735.o(i.ST7735_OutString) for ST7735_OutString
    lab7.o(i.main3) refers to lab7.o(.data) for Data
    uart.o(i.UART1_Handler) refers to fifo.o(i.FIFO_Put) for FIFO_Put
    fifo.o(i.FIFO_Get) refers to fifo.o(.data) for count
    fifo.o(i.FIFO_Get) refers to fifo.o(.bss) for fifo
    fifo.o(i.FIFO_Put) refers to fifo.o(.bss) for fifo
    fifo.o(i.FIFO_Put) refers to fifo.o(.data) for putI
    fifo.o(i.FIFO_Size) refers to fifo.o(.data) for count
    texas.o(.text) refers to texas.o(.bss) for TExaS
    texas.o(.text) refers to texas.o(.constdata) for IntroMsg
    texas.o(.text) refers to texas.o(.data) for LastMode
    entry.o(.ARM.Collect$$$$00000000) refers (Special) to entry10a.o(.ARM.Collect$$$$0000000D) for __rt_final_cpp
    entry.o(.ARM.Collect$$$$00000000) refers (Special) to entry11a.o(.ARM.Collect$$$$0000000F) for __rt_final_exit
    entry.o(.ARM.Collect$$$$00000000) refers (Special) to entry7b.o(.ARM.Collect$$$$00000008) for _main_clock
    entry.o(.ARM.Collect$$$$00000000) refers (Special) to entry8b.o(.ARM.Collect$$$$0000000A) for _main_cpp_init
    entry.o(.ARM.Collect$$$$00000000) refers (Special) to entry9a.o(.ARM.Collect$$$$0000000B) for _main_init
    entry.o(.ARM.Collect$$$$00000000) refers (Special) to entry5.o(.ARM.Collect$$$$00000004) for _main_scatterload
    entry.o(.ARM.Collect$$$$00000000) refers (Special) to entry2.o(.ARM.Collect$$$$00000001) for _main_stk
    entry2.o(.ARM.Collect$$$$00000001) refers to entry2.o(.ARM.Collect$$$$00002712) for __lit__00000000
    entry2.o(.ARM.Collect$$$$00002712) refers to startup.o(STACK) for __initial_sp
    entry2.o(__vectab_stack_and_reset_area) refers to startup.o(STACK) for __initial_sp
    entry2.o(__vectab_stack_and_reset_area) refers to entry.o(.ARM.Collect$$$$00000000) for __main
    entry5.o(.ARM.Collect$$$$00000004) refers to init.o(.text) for __scatterload
    entry9a.o(.ARM.Collect$$$$0000000B) refers to lab7.o(i.main) for main
    entry9b.o(.ARM.Collect$$$$0000000C) refers to lab7.o(i.main) for main
    init.o(.text) refers to entry5.o(.ARM.Collect$$$$00000004) for __main_after_scatterload


==============================================================================

Removing Unused input sections from the image.

    Removing startup.o(HEAP), (0 bytes).
    Removing st7735.o(i.Output_Clear), (10 bytes).
    Removing st7735.o(i.Output_Color), (12 bytes).
    Removing st7735.o(i.Output_Init), (16 bytes).
    Removing st7735.o(i.Output_Off), (8 bytes).
    Removing st7735.o(i.Output_On), (8 bytes).
    Removing st7735.o(i.ST7735_Color565), (24 bytes).
    Removing st7735.o(i.ST7735_DrawBitmap), (288 bytes).
    Removing st7735.o(i.ST7735_DrawChar), (268 bytes).
    Removing st7735.o(i.ST7735_DrawFastHLine), (124 bytes).
    Removing st7735.o(i.ST7735_DrawFastVLine), (124 bytes).
    Removing st7735.o(i.ST7735_InitB), (40 bytes).
    Removing st7735.o(i.ST7735_InvertDisplay), (22 bytes).
    Removing st7735.o(i.ST7735_OutUDec), (140 bytes).
    Removing st7735.o(i.ST7735_PlotBar), (88 bytes).
    Removing st7735.o(i.ST7735_PlotClear), (92 bytes).
    Removing st7735.o(i.ST7735_PlotLine), (264 bytes).
    Removing st7735.o(i.ST7735_PlotNext), (32 bytes).
    Removing st7735.o(i.ST7735_PlotNextErase), (64 bytes).
    Removing st7735.o(i.ST7735_PlotPoint), (152 bytes).
    Removing st7735.o(i.ST7735_PlotPoints), (172 bytes).
    Removing st7735.o(i.ST7735_PlotdBfs), (60 bytes).
    Removing st7735.o(i.ST7735_SetRotation), (212 bytes).
    Removing st7735.o(i.ST7735_SetTextColor), (12 bytes).
    Removing st7735.o(i.ST7735_SwapColor), (18 bytes).
    Removing st7735.o(i.ferror), (8 bytes).
    Removing st7735.o(i.fgetc), (6 bytes).
    Removing st7735.o(i.fillmessage), (72 bytes).
    Removing st7735.o(i.fputc), (16 bytes).
    Removing st7735.o(.bss), (12 bytes).
    Removing io.o(i.IO_HeartBeat), (24 bytes).
    Removing io.o(i.IO_Init), (112 bytes).
    Removing io.o(i.IO_Touch), (56 bytes).
    Removing print.o(i.LCD_OutDec), (56 bytes).
    Removing print.o(i.LCD_OutFix), (24 bytes).
    Removing lab7.o(i.main1), (24 bytes).
    Removing lab7.o(i.main2), (92 bytes).
    Removing lab7.o(i.main3), (108 bytes).
    Removing uart.o(i.UART_InChar), (12 bytes).
    Removing fifo.o(i.FIFO_Size), (12 bytes).

40 unused section(s) (total 2884 bytes) removed from the image.

==============================================================================

Image Symbol Table

    Local Symbols

    Symbol Name                              Value     Ov Type        Size  Object(Section)

    RESET                                    0x00000000   Section      644  startup.o(RESET)
    ../clib/microlib/init/entry.s            0x00000000   Number         0  entry9b.o ABSOLUTE
    ../clib/microlib/init/entry.s            0x00000000   Number         0  entry5.o ABSOLUTE
    ../clib/microlib/init/entry.s            0x00000000   Number         0  entry11a.o ABSOLUTE
    ../clib/microlib/init/entry.s            0x00000000   Number         0  entry11b.o ABSOLUTE
    ../clib/microlib/init/entry.s            0x00000000   Number         0  entry.o ABSOLUTE
    ../clib/microlib/init/entry.s            0x00000000   Number         0  entry10b.o ABSOLUTE
    ../clib/microlib/init/entry.s            0x00000000   Number         0  entry10a.o ABSOLUTE
    ../clib/microlib/init/entry.s            0x00000000   Number         0  entry9a.o ABSOLUTE
    ../clib/microlib/init/entry.s            0x00000000   Number         0  entry8b.o ABSOLUTE
    ../clib/microlib/init/entry.s            0x00000000   Number         0  entry8a.o ABSOLUTE
    ../clib/microlib/init/entry.s            0x00000000   Number         0  entry2.o ABSOLUTE
    ../clib/microlib/init/entry.s            0x00000000   Number         0  entry7b.o ABSOLUTE
    ../clib/microlib/init/entry.s            0x00000000   Number         0  entry7a.o ABSOLUTE
    ADC.c                                    0x00000000   Number         0  adc.o ABSOLUTE
    FIFO.c                                   0x00000000   Number         0  fifo.o ABSOLUTE
    IO.c                                     0x00000000   Number         0  io.o ABSOLUTE
    LCD.c                                    0x00000000   Number         0  lcd.o ABSOLUTE
    Lab7.c                                   0x00000000   Number         0  lab7.o ABSOLUTE
    Print.c                                  0x00000000   Number         0  print.o ABSOLUTE
    ST7735.c                                 0x00000000   Number         0  st7735.o ABSOLUTE
    TExaS.c                                  0x00000000   Number         0  texas.o ABSOLUTE
    UART.c                                   0x00000000   Number         0  uart.o ABSOLUTE
    dc.s                                     0x00000000   Number         0  dc.o ABSOLUTE
    handlers.s                               0x00000000   Number         0  handlers.o ABSOLUTE
    init.s                                   0x00000000   Number         0  init.o ABSOLUTE
    startup.s                                0x00000000   Number         0  startup.o ABSOLUTE
    .ARM.Collect$$$$00000000                 0x00000284   Section        0  entry.o(.ARM.Collect$$$$00000000)
    .ARM.Collect$$$$00000001                 0x00000284   Section        4  entry2.o(.ARM.Collect$$$$00000001)
    .ARM.Collect$$$$00000004                 0x00000288   Section        4  entry5.o(.ARM.Collect$$$$00000004)
    .ARM.Collect$$$$00000008                 0x0000028c   Section        0  entry7b.o(.ARM.Collect$$$$00000008)
    .ARM.Collect$$$$0000000A                 0x0000028c   Section        0  entry8b.o(.ARM.Collect$$$$0000000A)
    .ARM.Collect$$$$0000000B                 0x0000028c   Section        8  entry9a.o(.ARM.Collect$$$$0000000B)
    .ARM.Collect$$$$0000000D                 0x00000294   Section        0  entry10a.o(.ARM.Collect$$$$0000000D)
    .ARM.Collect$$$$0000000F                 0x00000294   Section        0  entry11a.o(.ARM.Collect$$$$0000000F)
    .ARM.Collect$$$$00002712                 0x00000294   Section        4  entry2.o(.ARM.Collect$$$$00002712)
    __lit__00000000                          0x00000294   Data           4  entry2.o(.ARM.Collect$$$$00002712)
    .text                                    0x00000298   Section       28  startup.o(.text)
    .text                                    0x000002b4   Section        0  texas.o(.text)
    .text                                    0x00000754   Section       36  init.o(.text)
    i.ADC_In                                 0x00000778   Section        0  adc.o(i.ADC_In)
    i.ADC_Init                               0x000007a4   Section        0  adc.o(i.ADC_Init)
    i.Convert                                0x000008a0   Section        0  lab7.o(i.Convert)
    i.Delay1ms                               0x00000908   Section        0  st7735.o(i.Delay1ms)
    i.FIFO_Get                               0x00000928   Section        0  fifo.o(i.FIFO_Get)
    i.FIFO_Put                               0x00000964   Section        0  fifo.o(i.FIFO_Put)
    i.PortF_Init                             0x00000994   Section        0  lab7.o(i.PortF_Init)
    i.ST7735_DrawCharS                       0x000009f4   Section        0  st7735.o(i.ST7735_DrawCharS)
    i.ST7735_DrawPixel                       0x00000ae8   Section        0  st7735.o(i.ST7735_DrawPixel)
    i.ST7735_DrawString                      0x00000b30   Section        0  st7735.o(i.ST7735_DrawString)
    i.ST7735_FillRect                        0x00000b88   Section        0  st7735.o(i.ST7735_FillRect)
    i.ST7735_FillScreen                      0x00000c34   Section        0  st7735.o(i.ST7735_FillScreen)
    i.ST7735_InitR                           0x00000c58   Section        0  st7735.o(i.ST7735_InitR)
    i.ST7735_OutChar                         0x00000cd4   Section        0  st7735.o(i.ST7735_OutChar)
    i.ST7735_OutString                       0x00000da8   Section        0  st7735.o(i.ST7735_OutString)
    i.ST7735_SetCursor                       0x00000dc0   Section        0  st7735.o(i.ST7735_SetCursor)
    i.SysTick_Handler                        0x00000de0   Section        0  lab7.o(i.SysTick_Handler)
    i.SysTick_Init                           0x00000e2c   Section        0  lab7.o(i.SysTick_Init)
    i.UART1_Handler                          0x00000e5c   Section        0  uart.o(i.UART1_Handler)
    i.UART_Init                              0x00000e80   Section        0  uart.o(i.UART_Init)
    i.UART_OutChar                           0x00000f50   Section        0  uart.o(i.UART_OutChar)
    i.__scatterload_copy                     0x00000f68   Section       14  handlers.o(i.__scatterload_copy)
    i.__scatterload_null                     0x00000f76   Section        2  handlers.o(i.__scatterload_null)
    i.__scatterload_zeroinit                 0x00000f78   Section       14  handlers.o(i.__scatterload_zeroinit)
    i.commandList                            0x00000f86   Section        0  st7735.o(i.commandList)
    commandList                              0x00000f87   Thumb Code    86  st7735.o(i.commandList)
    i.commonInit                             0x00000fdc   Section        0  st7735.o(i.commonInit)
    commonInit                               0x00000fdd   Thumb Code   340  st7735.o(i.commonInit)
    i.main                                   0x00001160   Section        0  lab7.o(i.main)
    i.pushColor                              0x0000128c   Section        0  st7735.o(i.pushColor)
    pushColor                                0x0000128d   Thumb Code    18  st7735.o(i.pushColor)
    i.setAddrWindow                          0x000012a0   Section        0  st7735.o(i.setAddrWindow)
    setAddrWindow                            0x000012a1   Thumb Code   106  st7735.o(i.setAddrWindow)
    i.writecommand                           0x00001314   Section        0  lcd.o(i.writecommand)
    i.writedata                              0x0000134c   Section        0  lcd.o(i.writedata)
    .constdata                               0x00001378   Section     2018  st7735.o(.constdata)
    Font                                     0x00001378   Data        1275  st7735.o(.constdata)
    Bcmd                                     0x00001873   Data         103  st7735.o(.constdata)
    Rcmd1                                    0x000018da   Data          59  st7735.o(.constdata)
    Rcmd2green                               0x00001915   Data          13  st7735.o(.constdata)
    Rcmd2red                                 0x00001922   Data          13  st7735.o(.constdata)
    Rcmd3                                    0x0000192f   Data          43  st7735.o(.constdata)
    .constdata                               0x00001b5a   Section      240  texas.o(.constdata)
    .data                                    0x20000000   Section       44  st7735.o(.data)
    _width                                   0x2000000a   Data           2  st7735.o(.data)
    _height                                  0x2000000c   Data           2  st7735.o(.data)
    ColStart                                 0x20000014   Data           1  st7735.o(.data)
    RowStart                                 0x20000015   Data           1  st7735.o(.data)
    Rotation                                 0x20000016   Data           1  st7735.o(.data)
    TabColor                                 0x20000017   Data           1  st7735.o(.data)
    .data                                    0x2000002c   Section       37  lab7.o(.data)
    .data                                    0x20000054   Section        9  fifo.o(.data)
    .data                                    0x20000060   Section       48  texas.o(.data)
    .bss                                     0x20000090   Section       16  fifo.o(.bss)
    .bss                                     0x200000a0   Section       56  texas.o(.bss)
    STACK                                    0x200000d8   Section     1024  startup.o(STACK)
    StackMem                                 0x200000d8   Data           0  startup.o(STACK)

    Global Symbols

    Symbol Name                              Value     Ov Type        Size  Object(Section)

    BuildAttributes$$THM_ISAv4$E$P$D$K$B$S$7EM$PE$A:L22UL41UL21$X:L11$S22US41US21$IEEE1$IW$USESV6$~STKCKD$USESV7$~SHL$OSPACE$EBA8$MICROLIB$REQ8$PRES8$EABIv2 0x00000000   Number         0  anon$$obj.o ABSOLUTE
    __ARM_use_no_argv                        0x00000000   Number         0  lab7.o ABSOLUTE
    __Vectors                                0x00000000   Data           0  startup.o(RESET)
    __cpp_initialize__aeabi_                  - Undefined Weak Reference
    __cxa_finalize                            - Undefined Weak Reference
    __decompress                              - Undefined Weak Reference
    _clock_init                               - Undefined Weak Reference
    _microlib_exit                            - Undefined Weak Reference
    Reset_Handler                            0x0000026d   Thumb Code     0  startup.o(RESET)
    NMI_Handler                              0x00000271   Thumb Code     2  startup.o(RESET)
    HardFault_Handler                        0x00000273   Thumb Code     2  startup.o(RESET)
    MemManage_Handler                        0x00000275   Thumb Code     2  startup.o(RESET)
    BusFault_Handler                         0x00000277   Thumb Code     2  startup.o(RESET)
    UsageFault_Handler                       0x00000279   Thumb Code     2  startup.o(RESET)
    SVC_Handler                              0x0000027b   Thumb Code     2  startup.o(RESET)
    DebugMon_Handler                         0x0000027d   Thumb Code     2  startup.o(RESET)
    PendSV_Handler                           0x0000027f   Thumb Code     2  startup.o(RESET)
    ADC0Seq0_Handler                         0x00000283   Thumb Code     0  startup.o(RESET)
    ADC0Seq1_Handler                         0x00000283   Thumb Code     0  startup.o(RESET)
    ADC0Seq2_Handler                         0x00000283   Thumb Code     0  startup.o(RESET)
    ADC0Seq3_Handler                         0x00000283   Thumb Code     0  startup.o(RESET)
    ADC1Seq0_Handler                         0x00000283   Thumb Code     0  startup.o(RESET)
    ADC1Seq1_Handler                         0x00000283   Thumb Code     0  startup.o(RESET)
    ADC1Seq2_Handler                         0x00000283   Thumb Code     0  startup.o(RESET)
    ADC1Seq3_Handler                         0x00000283   Thumb Code     0  startup.o(RESET)
    CAN0_Handler                             0x00000283   Thumb Code     0  startup.o(RESET)
    CAN1_Handler                             0x00000283   Thumb Code     0  startup.o(RESET)
    CAN2_Handler                             0x00000283   Thumb Code     0  startup.o(RESET)
    Comp0_Handler                            0x00000283   Thumb Code     0  startup.o(RESET)
    Comp1_Handler                            0x00000283   Thumb Code     0  startup.o(RESET)
    Comp2_Handler                            0x00000283   Thumb Code     0  startup.o(RESET)
    Ethernet_Handler                         0x00000283   Thumb Code     0  startup.o(RESET)
    ExtBus_Handler                           0x00000283   Thumb Code     0  startup.o(RESET)
    FPU_Handler                              0x00000283   Thumb Code     0  startup.o(RESET)
    Fan0_Handler                             0x00000283   Thumb Code     0  startup.o(RESET)
    FlashCtl_Handler                         0x00000283   Thumb Code     0  startup.o(RESET)
    GPIOPortA_Handler                        0x00000283   Thumb Code     0  startup.o(RESET)
    GPIOPortB_Handler                        0x00000283   Thumb Code     0  startup.o(RESET)
    GPIOPortC_Handler                        0x00000283   Thumb Code     0  startup.o(RESET)
    GPIOPortD_Handler                        0x00000283   Thumb Code     0  startup.o(RESET)
    GPIOPortE_Handler                        0x00000283   Thumb Code     0  startup.o(RESET)
    GPIOPortF_Handler                        0x00000283   Thumb Code     0  startup.o(RESET)
    GPIOPortG_Handler                        0x00000283   Thumb Code     0  startup.o(RESET)
    GPIOPortH_Handler                        0x00000283   Thumb Code     0  startup.o(RESET)
    GPIOPortJ_Handler                        0x00000283   Thumb Code     0  startup.o(RESET)
    GPIOPortK_Handler                        0x00000283   Thumb Code     0  startup.o(RESET)
    GPIOPortL_Handler                        0x00000283   Thumb Code     0  startup.o(RESET)
    GPIOPortM_Handler                        0x00000283   Thumb Code     0  startup.o(RESET)
    GPIOPortN_Handler                        0x00000283   Thumb Code     0  startup.o(RESET)
    GPIOPortP1_Handler                       0x00000283   Thumb Code     0  startup.o(RESET)
    GPIOPortP2_Handler                       0x00000283   Thumb Code     0  startup.o(RESET)
    GPIOPortP3_Handler                       0x00000283   Thumb Code     0  startup.o(RESET)
    GPIOPortP4_Handler                       0x00000283   Thumb Code     0  startup.o(RESET)
    GPIOPortP5_Handler                       0x00000283   Thumb Code     0  startup.o(RESET)
    GPIOPortP6_Handler                       0x00000283   Thumb Code     0  startup.o(RESET)
    GPIOPortP7_Handler                       0x00000283   Thumb Code     0  startup.o(RESET)
    GPIOPortP_Handler                        0x00000283   Thumb Code     0  startup.o(RESET)
    GPIOPortQ1_Handler                       0x00000283   Thumb Code     0  startup.o(RESET)
    GPIOPortQ2_Handler                       0x00000283   Thumb Code     0  startup.o(RESET)
    GPIOPortQ3_Handler                       0x00000283   Thumb Code     0  startup.o(RESET)
    GPIOPortQ4_Handler                       0x00000283   Thumb Code     0  startup.o(RESET)
    GPIOPortQ5_Handler                       0x00000283   Thumb Code     0  startup.o(RESET)
    GPIOPortQ6_Handler                       0x00000283   Thumb Code     0  startup.o(RESET)
    GPIOPortQ7_Handler                       0x00000283   Thumb Code     0  startup.o(RESET)
    GPIOPortQ_Handler                        0x00000283   Thumb Code     0  startup.o(RESET)
    GPIOPortR_Handler                        0x00000283   Thumb Code     0  startup.o(RESET)
    GPIOPortS_Handler                        0x00000283   Thumb Code     0  startup.o(RESET)
    Hibernate_Handler                        0x00000283   Thumb Code     0  startup.o(RESET)
    I2C0_Handler                             0x00000283   Thumb Code     0  startup.o(RESET)
    I2C1_Handler                             0x00000283   Thumb Code     0  startup.o(RESET)
    I2C2_Handler                             0x00000283   Thumb Code     0  startup.o(RESET)
    I2C3_Handler                             0x00000283   Thumb Code     0  startup.o(RESET)
    I2C4_Handler                             0x00000283   Thumb Code     0  startup.o(RESET)
    I2C5_Handler                             0x00000283   Thumb Code     0  startup.o(RESET)
    I2S0_Handler                             0x00000283   Thumb Code     0  startup.o(RESET)
    LPC0_Handler                             0x00000283   Thumb Code     0  startup.o(RESET)
    PECI0_Handler                            0x00000283   Thumb Code     0  startup.o(RESET)
    PWM0Fault_Handler                        0x00000283   Thumb Code     0  startup.o(RESET)
    PWM0Generator0_Handler                   0x00000283   Thumb Code     0  startup.o(RESET)
    PWM0Generator1_Handler                   0x00000283   Thumb Code     0  startup.o(RESET)
    PWM0Generator2_Handler                   0x00000283   Thumb Code     0  startup.o(RESET)
    PWM0Generator3_Handler                   0x00000283   Thumb Code     0  startup.o(RESET)
    PWM1Fault_Handler                        0x00000283   Thumb Code     0  startup.o(RESET)
    PWM1Generator0_Handler                   0x00000283   Thumb Code     0  startup.o(RESET)
    PWM1Generator1_Handler                   0x00000283   Thumb Code     0  startup.o(RESET)
    PWM1Generator2_Handler                   0x00000283   Thumb Code     0  startup.o(RESET)
    PWM1Generator3_Handler                   0x00000283   Thumb Code     0  startup.o(RESET)
    Quadrature0_Handler                      0x00000283   Thumb Code     0  startup.o(RESET)
    Quadrature1_Handler                      0x00000283   Thumb Code     0  startup.o(RESET)
    Quadrature2_Handler                      0x00000283   Thumb Code     0  startup.o(RESET)
    SSI0_Handler                             0x00000283   Thumb Code     0  startup.o(RESET)
    SSI1_Handler                             0x00000283   Thumb Code     0  startup.o(RESET)
    SSI2_Handler                             0x00000283   Thumb Code     0  startup.o(RESET)
    SSI3_Handler                             0x00000283   Thumb Code     0  startup.o(RESET)
    SysCtl_Handler                           0x00000283   Thumb Code     0  startup.o(RESET)
    Timer0A_Handler                          0x00000283   Thumb Code     0  startup.o(RESET)
    Timer0B_Handler                          0x00000283   Thumb Code     0  startup.o(RESET)
    Timer1A_Handler                          0x00000283   Thumb Code     0  startup.o(RESET)
    Timer1B_Handler                          0x00000283   Thumb Code     0  startup.o(RESET)
    Timer2A_Handler                          0x00000283   Thumb Code     0  startup.o(RESET)
    Timer2B_Handler                          0x00000283   Thumb Code     0  startup.o(RESET)
    Timer3A_Handler                          0x00000283   Thumb Code     0  startup.o(RESET)
    Timer3B_Handler                          0x00000283   Thumb Code     0  startup.o(RESET)
    Timer4B_Handler                          0x00000283   Thumb Code     0  startup.o(RESET)
    Timer5B_Handler                          0x00000283   Thumb Code     0  startup.o(RESET)
    UART0_Handler                            0x00000283   Thumb Code     0  startup.o(RESET)
    UART2_Handler                            0x00000283   Thumb Code     0  startup.o(RESET)
    UART3_Handler                            0x00000283   Thumb Code     0  startup.o(RESET)
    UART4_Handler                            0x00000283   Thumb Code     0  startup.o(RESET)
    UART5_Handler                            0x00000283   Thumb Code     0  startup.o(RESET)
    UART6_Handler                            0x00000283   Thumb Code     0  startup.o(RESET)
    UART7_Handler                            0x00000283   Thumb Code     0  startup.o(RESET)
    USB0_Handler                             0x00000283   Thumb Code     0  startup.o(RESET)
    WDT_Handler                              0x00000283   Thumb Code     0  startup.o(RESET)
    WideTimer0A_Handler                      0x00000283   Thumb Code     0  startup.o(RESET)
    WideTimer0B_Handler                      0x00000283   Thumb Code     0  startup.o(RESET)
    WideTimer1A_Handler                      0x00000283   Thumb Code     0  startup.o(RESET)
    WideTimer1B_Handler                      0x00000283   Thumb Code     0  startup.o(RESET)
    WideTimer2A_Handler                      0x00000283   Thumb Code     0  startup.o(RESET)
    WideTimer2B_Handler                      0x00000283   Thumb Code     0  startup.o(RESET)
    WideTimer3A_Handler                      0x00000283   Thumb Code     0  startup.o(RESET)
    WideTimer3B_Handler                      0x00000283   Thumb Code     0  startup.o(RESET)
    WideTimer4A_Handler                      0x00000283   Thumb Code     0  startup.o(RESET)
    WideTimer4B_Handler                      0x00000283   Thumb Code     0  startup.o(RESET)
    WideTimer5A_Handler                      0x00000283   Thumb Code     0  startup.o(RESET)
    WideTimer5B_Handler                      0x00000283   Thumb Code     0  startup.o(RESET)
    uDMA_Error                               0x00000283   Thumb Code     0  startup.o(RESET)
    uDMA_Handler                             0x00000283   Thumb Code     0  startup.o(RESET)
    __main                                   0x00000285   Thumb Code     0  entry.o(.ARM.Collect$$$$00000000)
    _main_stk                                0x00000285   Thumb Code     0  entry2.o(.ARM.Collect$$$$00000001)
    _main_scatterload                        0x00000289   Thumb Code     0  entry5.o(.ARM.Collect$$$$00000004)
    __main_after_scatterload                 0x0000028d   Thumb Code     0  entry5.o(.ARM.Collect$$$$00000004)
    _main_clock                              0x0000028d   Thumb Code     0  entry7b.o(.ARM.Collect$$$$00000008)
    _main_cpp_init                           0x0000028d   Thumb Code     0  entry8b.o(.ARM.Collect$$$$0000000A)
    _main_init                               0x0000028d   Thumb Code     0  entry9a.o(.ARM.Collect$$$$0000000B)
    __rt_final_cpp                           0x00000295   Thumb Code     0  entry10a.o(.ARM.Collect$$$$0000000D)
    __rt_final_exit                          0x00000295   Thumb Code     0  entry11a.o(.ARM.Collect$$$$0000000F)
    DisableInterrupts                        0x00000299   Thumb Code     0  startup.o(.text)
    EnableInterrupts                         0x0000029d   Thumb Code     0  startup.o(.text)
    StartCritical                            0x000002a1   Thumb Code     0  startup.o(.text)
    EndCritical                              0x000002a9   Thumb Code     0  startup.o(.text)
    WaitForInterrupt                         0x000002af   Thumb Code     0  startup.o(.text)
    ADC1_Init                                0x000002b5   Thumb Code   170  texas.o(.text)
    SetCode                                  0x0000035f   Thumb Code    20  texas.o(.text)
    UART0_Init                               0x00000373   Thumb Code   162  texas.o(.text)
    SetCourse                                0x00000415   Thumb Code    22  texas.o(.text)
    PLL_Init                                 0x0000042b   Thumb Code   118  texas.o(.text)
    TExaS_Init                               0x000004a1   Thumb Code   282  texas.o(.text)
    StopTimer4                               0x000005bb   Thumb Code    16  texas.o(.text)
    StartTimer4                              0x000005cb   Thumb Code    24  texas.o(.text)
    Timer4A_Handler                          0x000005e3   Thumb Code    20  texas.o(.text)
    ADC1_In                                  0x000005f7   Thumb Code     6  texas.o(.text)
    Timer5A_Handler                          0x000005fd   Thumb Code    34  texas.o(.text)
    TExaS_Stop                               0x0000061f   Thumb Code    18  texas.o(.text)
    copy                                     0x00000631   Thumb Code    16  texas.o(.text)
    SetMode                                  0x00000641   Thumb Code    22  texas.o(.text)
    UART0_InChar                             0x00000657   Thumb Code    20  texas.o(.text)
    UART0_InCharNonBlocking                  0x0000066b   Thumb Code    22  texas.o(.text)
    UART0_OutChar                            0x00000681   Thumb Code   200  texas.o(.text)
    UART0_OutCharNonBlock                    0x00000749   Thumb Code     6  texas.o(.text)
    __scatterload                            0x00000755   Thumb Code    28  init.o(.text)
    __scatterload_rt2                        0x00000755   Thumb Code     0  init.o(.text)
    ADC_In                                   0x00000779   Thumb Code    36  adc.o(i.ADC_In)
    ADC_Init                                 0x000007a5   Thumb Code   206  adc.o(i.ADC_Init)
    Convert                                  0x000008a1   Thumb Code    98  lab7.o(i.Convert)
    Delay1ms                                 0x00000909   Thumb Code    32  st7735.o(i.Delay1ms)
    FIFO_Get                                 0x00000929   Thumb Code    46  fifo.o(i.FIFO_Get)
    FIFO_Put                                 0x00000965   Thumb Code    34  fifo.o(i.FIFO_Put)
    PortF_Init                               0x00000995   Thumb Code    78  lab7.o(i.PortF_Init)
    ST7735_DrawCharS                         0x000009f5   Thumb Code   232  st7735.o(i.ST7735_DrawCharS)
    ST7735_DrawPixel                         0x00000ae9   Thumb Code    64  st7735.o(i.ST7735_DrawPixel)
    ST7735_DrawString                        0x00000b31   Thumb Code    86  st7735.o(i.ST7735_DrawString)
    ST7735_FillRect                          0x00000b89   Thumb Code   164  st7735.o(i.ST7735_FillRect)
    ST7735_FillScreen                        0x00000c35   Thumb Code    28  st7735.o(i.ST7735_FillScreen)
    ST7735_InitR                             0x00000c59   Thumb Code    90  st7735.o(i.ST7735_InitR)
    ST7735_OutChar                           0x00000cd5   Thumb Code   176  st7735.o(i.ST7735_OutChar)
    ST7735_OutString                         0x00000da9   Thumb Code    24  st7735.o(i.ST7735_OutString)
    ST7735_SetCursor                         0x00000dc1   Thumb Code    22  st7735.o(i.ST7735_SetCursor)
    SysTick_Handler                          0x00000de1   Thumb Code    64  lab7.o(i.SysTick_Handler)
    SysTick_Init                             0x00000e2d   Thumb Code    44  lab7.o(i.SysTick_Init)
    UART1_Handler                            0x00000e5d   Thumb Code    30  uart.o(i.UART1_Handler)
    UART_Init                                0x00000e81   Thumb Code   182  uart.o(i.UART_Init)
    UART_OutChar                             0x00000f51   Thumb Code    18  uart.o(i.UART_OutChar)
    __scatterload_copy                       0x00000f69   Thumb Code    14  handlers.o(i.__scatterload_copy)
    __scatterload_null                       0x00000f77   Thumb Code     2  handlers.o(i.__scatterload_null)
    __scatterload_zeroinit                   0x00000f79   Thumb Code    14  handlers.o(i.__scatterload_zeroinit)
    main                                     0x00001161   Thumb Code   288  lab7.o(i.main)
    writecommand                             0x00001315   Thumb Code    46  lcd.o(i.writecommand)
    writedata                                0x0000134d   Thumb Code    34  lcd.o(i.writedata)
    dBfs                                     0x0000195a   Data         512  st7735.o(.constdata)
    InputPortMsg                             0x00001b5a   Data          40  texas.o(.constdata)
    OutputPortMsg                            0x00001b82   Data          40  texas.o(.constdata)
    BlankMsg                                 0x00001baa   Data          40  texas.o(.constdata)
    InitializedMsg                           0x00001bd2   Data          40  texas.o(.constdata)
    IntroMsg                                 0x00001bfa   Data          40  texas.o(.constdata)
    DoneMsg                                  0x00001c22   Data          40  texas.o(.constdata)
    Region$$Table$$Base                      0x00001c4c   Number         0  anon$$obj.o(Region$$Table)
    Region$$Table$$Limit                     0x00001c6c   Number         0  anon$$obj.o(Region$$Table)
    StX                                      0x20000000   Data           4  st7735.o(.data)
    StY                                      0x20000004   Data           4  st7735.o(.data)
    StTextColor                              0x20000008   Data           2  st7735.o(.data)
    lastj                                    0x20000010   Data           4  st7735.o(.data)
    Messageindex                             0x20000018   Data           4  st7735.o(.data)
    Ymax                                     0x2000001c   Data           4  st7735.o(.data)
    Ymin                                     0x20000020   Data           4  st7735.o(.data)
    X                                        0x20000024   Data           4  st7735.o(.data)
    Yrange                                   0x20000028   Data           4  st7735.o(.data)
    t_buffer                                 0x2000002c   Data           8  lab7.o(.data)
    r_buffer                                 0x20000034   Data           7  lab7.o(.data)
    mailbox                                  0x2000003b   Data           1  lab7.o(.data)
    i                                        0x2000003c   Data           4  lab7.o(.data)
    size                                     0x20000040   Data           4  lab7.o(.data)
    Data                                     0x20000044   Data           4  lab7.o(.data)
    Data_O                                   0x20000048   Data           4  lab7.o(.data)
    Position                                 0x2000004c   Data           4  lab7.o(.data)
    c                                        0x20000050   Data           1  lab7.o(.data)
    putI                                     0x20000054   Data           4  fifo.o(.data)
    getI                                     0x20000058   Data           4  fifo.o(.data)
    count                                    0x2000005c   Data           1  fifo.o(.data)
    TExaS_Period                             0x20000060   Data           4  texas.o(.data)
    TExaS_Ports                              0x20000064   Data           8  texas.o(.data)
    TExaS_Meter                              0x2000006c   Data           4  texas.o(.data)
    ADCnum                                   0x20000070   Data           4  texas.o(.data)
    LastMode                                 0x20000074   Data           4  texas.o(.data)
    bFlag                                    0x20000078   Data           4  texas.o(.data)
    Count                                    0x2000007c   Data           4  texas.o(.data)
    DelayBetweenTests                        0x20000080   Data           4  texas.o(.data)
    TExaS_Test                               0x20000084   Data           4  texas.o(.data)
    ScopeMode                                0x20000088   Data           4  texas.o(.data)
    ScopeCount                               0x2000008c   Data           4  texas.o(.data)
    fifo                                     0x20000090   Data          16  fifo.o(.bss)
    TExaS                                    0x200000a0   Data          56  texas.o(.bss)
    __initial_sp                             0x200004d8   Data           0  startup.o(STACK)



==============================================================================

Memory Map of the image

  Image Entry point : 0x0000026d

  Load Region LR_1 (Base: 0x00000000, Size: 0x00001cfc, Max: 0xffffffff, ABSOLUTE)

    Execution Region ER_RO (Base: 0x00000000, Size: 0x00001c6c, Max: 0xffffffff, ABSOLUTE)

    Base Addr    Size         Type   Attr      Idx    E Section Name        Object

    0x00000000   0x00000284   Code   RO            3  * RESET               startup.o
    0x00000284   0x00000000   Code   RO          513  * .ARM.Collect$$$$00000000  mc_w.l(entry.o)
    0x00000284   0x00000004   Code   RO          516    .ARM.Collect$$$$00000001  mc_w.l(entry2.o)
    0x00000288   0x00000004   Code   RO          519    .ARM.Collect$$$$00000004  mc_w.l(entry5.o)
    0x0000028c   0x00000000   Code   RO          521    .ARM.Collect$$$$00000008  mc_w.l(entry7b.o)
    0x0000028c   0x00000000   Code   RO          523    .ARM.Collect$$$$0000000A  mc_w.l(entry8b.o)
    0x0000028c   0x00000008   Code   RO          524    .ARM.Collect$$$$0000000B  mc_w.l(entry9a.o)
    0x00000294   0x00000000   Code   RO          526    .ARM.Collect$$$$0000000D  mc_w.l(entry10a.o)
    0x00000294   0x00000000   Code   RO          528    .ARM.Collect$$$$0000000F  mc_w.l(entry11a.o)
    0x00000294   0x00000004   Code   RO          517    .ARM.Collect$$$$00002712  mc_w.l(entry2.o)
    0x00000298   0x0000001c   Code   RO            4    .text               startup.o
    0x000002b4   0x000004a0   Code   RO          496    .text               texas.o
    0x00000754   0x00000024   Code   RO          530    .text               mc_w.l(init.o)
    0x00000778   0x0000002c   Code   RO          417    i.ADC_In            adc.o
    0x000007a4   0x000000fc   Code   RO          418    i.ADC_Init          adc.o
    0x000008a0   0x00000068   Code   RO          348    i.Convert           lab7.o
    0x00000908   0x00000020   Code   RO           12    i.Delay1ms          st7735.o
    0x00000928   0x0000003c   Code   RO          468    i.FIFO_Get          fifo.o
    0x00000964   0x00000030   Code   RO          469    i.FIFO_Put          fifo.o
    0x00000994   0x00000060   Code   RO          349    i.PortF_Init        lab7.o
    0x000009f4   0x000000f4   Code   RO           21    i.ST7735_DrawCharS  st7735.o
    0x00000ae8   0x00000048   Code   RO           24    i.ST7735_DrawPixel  st7735.o
    0x00000b30   0x00000056   Code   RO           25    i.ST7735_DrawString  st7735.o
    0x00000b86   0x00000002   PAD
    0x00000b88   0x000000ac   Code   RO           26    i.ST7735_FillRect   st7735.o
    0x00000c34   0x00000024   Code   RO           27    i.ST7735_FillScreen  st7735.o
    0x00000c58   0x0000007c   Code   RO           29    i.ST7735_InitR      st7735.o
    0x00000cd4   0x000000d4   Code   RO           31    i.ST7735_OutChar    st7735.o
    0x00000da8   0x00000018   Code   RO           32    i.ST7735_OutString  st7735.o
    0x00000dc0   0x00000020   Code   RO           42    i.ST7735_SetCursor  st7735.o
    0x00000de0   0x0000004c   Code   RO          350    i.SysTick_Handler   lab7.o
    0x00000e2c   0x00000030   Code   RO          351    i.SysTick_Init      lab7.o
    0x00000e5c   0x00000024   Code   RO          435    i.UART1_Handler     uart.o
    0x00000e80   0x000000d0   Code   RO          437    i.UART_Init         uart.o
    0x00000f50   0x00000018   Code   RO          438    i.UART_OutChar      uart.o
    0x00000f68   0x0000000e   Code   RO          534    i.__scatterload_copy  mc_w.l(handlers.o)
    0x00000f76   0x00000002   Code   RO          535    i.__scatterload_null  mc_w.l(handlers.o)
    0x00000f78   0x0000000e   Code   RO          536    i.__scatterload_zeroinit  mc_w.l(handlers.o)
    0x00000f86   0x00000056   Code   RO           46    i.commandList       st7735.o
    0x00000fdc   0x00000184   Code   RO           47    i.commonInit        st7735.o
    0x00001160   0x0000012c   Code   RO          352    i.main              lab7.o
    0x0000128c   0x00000012   Code   RO           52    i.pushColor         st7735.o
    0x0000129e   0x00000002   PAD
    0x000012a0   0x00000074   Code   RO           53    i.setAddrWindow     st7735.o
    0x00001314   0x00000038   Code   RO          288    i.writecommand      lcd.o
    0x0000134c   0x0000002c   Code   RO          289    i.writedata         lcd.o
    0x00001378   0x000007e2   Data   RO           55    .constdata          st7735.o
    0x00001b5a   0x000000f0   Data   RO          498    .constdata          texas.o
    0x00001c4a   0x00000002   PAD
    0x00001c4c   0x00000020   Data   RO          532    Region$$Table       anon$$obj.o


    Execution Region ER_RW (Base: 0x20000000, Size: 0x00000090, Max: 0xffffffff, ABSOLUTE)

    Base Addr    Size         Type   Attr      Idx    E Section Name        Object

    0x20000000   0x0000002c   Data   RW           56    .data               st7735.o
    0x2000002c   0x00000025   Data   RW          356    .data               lab7.o
    0x20000051   0x00000003   PAD
    0x20000054   0x00000009   Data   RW          472    .data               fifo.o
    0x2000005d   0x00000003   PAD
    0x20000060   0x00000030   Data   RW          499    .data               texas.o


    Execution Region ER_ZI (Base: 0x20000090, Size: 0x00000448, Max: 0xffffffff, ABSOLUTE)

    Base Addr    Size         Type   Attr      Idx    E Section Name        Object

    0x20000090   0x00000010   Zero   RW          471    .bss                fifo.o
    0x200000a0   0x00000038   Zero   RW          497    .bss                texas.o
    0x200000d8   0x00000400   Zero   RW            1    STACK               startup.o


==============================================================================

Image component sizes


      Code (inc. data)   RO Data    RW Data    ZI Data      Debug   Object Name

       296         54          0          0          0        824   adc.o
       108         28          0          9         16       1213   fifo.o
       624         52          0         37          0       2945   lab7.o
       100         20          0          0          0        747   lcd.o
      1642        174       2018         44          0      15302   st7735.o
       672        622          0          0       1024        852   startup.o
      1184        188        240         48         56      14668   texas.o
       268         38          0          0          0       1175   uart.o

    ----------------------------------------------------------------------
      4898       1176       2292        144       1096      37726   Object Totals
         0          0         32          0          0          0   (incl. Generated)
         4          0          2          6          0          0   (incl. Padding)

    ----------------------------------------------------------------------

      Code (inc. data)   RO Data    RW Data    ZI Data      Debug   Library Member Name

         0          0          0          0          0          0   entry.o
         0          0          0          0          0          0   entry10a.o
         0          0          0          0          0          0   entry11a.o
         8          4          0          0          0          0   entry2.o
         4          0          0          0          0          0   entry5.o
         0          0          0          0          0          0   entry7b.o
         0          0          0          0          0          0   entry8b.o
         8          4          0          0          0          0   entry9a.o
        30          0          0          0          0          0   handlers.o
        36          8          0          0          0         68   init.o

    ----------------------------------------------------------------------
        86         16          0          0          0         68   Library Totals
         0          0          0          0          0          0   (incl. Padding)

    ----------------------------------------------------------------------

      Code (inc. data)   RO Data    RW Data    ZI Data      Debug   Library Name

        86         16          0          0          0         68   mc_w.l

    ----------------------------------------------------------------------
        86         16          0          0          0         68   Library Totals

    ----------------------------------------------------------------------

==============================================================================


      Code (inc. data)   RO Data    RW Data    ZI Data      Debug   

      4984       1192       2292        144       1096      36338   Grand Totals
      4984       1192       2292        144       1096      36338   ELF Image Totals
      4984       1192       2292        144          0          0   ROM Totals

==============================================================================

    Total RO  Size (Code + RO Data)                 7276 (   7.11kB)
    Total RW  Size (RW Data + ZI Data)              1240 (   1.21kB)
    Total ROM Size (Code + RO Data + RW Data)       7420 (   7.25kB)

==============================================================================

