<html>
<body>
<pre>
<h1>µVision Build Log</h1>
<h2>Project:</h2>
C:\Users\ramesh\Dropbox\School\StudyAbroad\2016\Summer2016\CourseDocuments\EE319KIndiawareMaker\MySetup\EE319KIndiaware\Lab3\Lab3.uvproj
Project File Date:  06/03/2016

<h2>Output:</h2>
Rebuild target 'Lab3'
assembling startup.s...
compiling SysTick.c...
compiling Lab3.c...
assembling PLL.s...
assembling Delay.s...
linking...
Program Size: Code=1068 RO-data=16 RW-data=0 ZI-data=1120  
".\Lab3.axf" - 0 Errors, 0 Warning(s).
Clean started: Project: 'Lab3'
   deleting intermediate output files for target 'Lab3'
