<html>
<body>
<pre>
<h1>µVision Build Log</h1>
<h2>Project:</h2>
C:\Users\Epik\Desktop\labs\Lab2.1\Lab2.uvproj
Project File Date:  06/14/2016

<h2>Output:</h2>
Build target 'Lab2'
linking...
Program Size: Code=800 RO-data=0 RW-data=0 ZI-data=1024  
".\Lab2.axf" - 0 Error(s), 0 Warning(s).
Load "C:\\Users\\Epik\\Desktop\\labs\\Lab2.1\\Lab2.axf" 
Connecting: Mode=JTAG, Speed=1000000Hz
Erase Done.
Programming Done.
Verify OK.
Load "C:\\Users\\Epik\\Desktop\\labs\\Lab2.1\\Lab2.axf" 
Connecting: Mode=JTAG, Speed=1000000Hz
Erase Done.
Programming Done.
Verify OK.
</pre>
</body>
</html>
