<html>
<body>
<pre>
<h1>µVision Build Log</h1>
<h2>Project:</h2>
C:\Users\Epik\Desktop\labs\Lab3.1\Lab3.uvproj
Project File Date:  06/17/2016

<h2>Output:</h2>
Rebuild target 'Lab3'
assembling startup.s...
compiling SysTick.c...
compiling Lab3.c...
assembling PLL.s...
assembling Delay.s...
linking...
Program Size: Code=1508 RO-data=32 RW-data=4 ZI-data=1524  
".\Lab3.axf" - 0 Error(s), 0 Warning(s).
Load "C:\\Users\\Epik\\Desktop\\labs\\Lab3.1\\Lab3.axf" 
Connecting: Mode=JTAG, Speed=1000000Hz
Erase Done.
Programming Done.
Verify OK.
</pre>
</body>
</html>
