<html>
<body>
<pre>
<h1>µVision Build Log</h1>
<h2>Project:</h2>
C:\Users\Epik\Desktop\labs\Lab7\Lab7.uvproj
Project File Date:  07/26/2016

<h2>Output:</h2>
Rebuild target 'Lab7'
assembling startup.s...
compiling ST7735.c...
compiling LCD.c...
compiling IO.c...
compiling Print.c...
compiling Lab7.c...
compiling ADC.c...
compiling SysTick.c...
linking...
Program Size: Code=3636 RO-data=2292 RW-data=100 ZI-data=1084  
".\Lab7.axf" - 0 Error(s), 0 Warning(s).
Load "C:\\Users\\Epik\\Desktop\\labs\\Lab7\\Lab7.axf" 
Connecting: Mode=JTAG, Speed=1000000Hz
Connection failed!, error code=&d
Error: Flash Download failed  -  Target DLL has been cancelled
Load "C:\\Users\\Epik\\Desktop\\labs\\Lab7\\Lab7.axf" 
Connecting: Mode=JTAG, Speed=1000000Hz
Connection failed!, error code=&d
Error: Flash Download failed  -  Target DLL has been cancelled
Load "C:\\Users\\Epik\\Desktop\\labs\\Lab7\\Lab7.axf" 
Connecting: Mode=JTAG, Speed=1000000Hz
Connection failed!, error code=&d
Error: Flash Download failed  -  Target DLL has been cancelled
Load "C:\\Users\\Epik\\Desktop\\labs\\Lab7\\Lab7.axf" 
Connecting: Mode=JTAG, Speed=1000000Hz
Connection failed!, error code=&d
Error: Flash Download failed  -  Target DLL has been cancelled
Load "C:\\Users\\Epik\\Desktop\\labs\\Lab7\\Lab7.axf" 
Connecting: Mode=JTAG, Speed=1000000Hz
Connection failed!, error code=&d
Error: Flash Download failed  -  Target DLL has been cancelled
Load "C:\\Users\\Epik\\Desktop\\labs\\Lab7\\Lab7.axf" 
Connecting: Mode=JTAG, Speed=1000000Hz
Connection failed!, error code=&d
Error: Flash Download failed  -  Target DLL has been cancelled
Load "C:\\Users\\Epik\\Desktop\\labs\\Lab7\\Lab7.axf" 
Connecting: Mode=JTAG, Speed=1000000Hz
Connection failed!, error code=&d
Error: Flash Download failed  -  Target DLL has been cancelled
Load "C:\\Users\\Epik\\Desktop\\labs\\Lab7\\Lab7.axf" 
Connecting: Mode=JTAG, Speed=1000000Hz
Connection failed!, error code=&d
Error: Flash Download failed  -  Target DLL has been cancelled
Load "C:\\Users\\Epik\\Desktop\\labs\\Lab7\\Lab7.axf" 
Connecting: Mode=JTAG, Speed=1000000Hz
Erase Done.
Programming Done.
Verify OK.
</pre>
</body>
</html>
