<html>
<body>
<pre>
<h1>µVision Build Log</h1>
<h2>Project:</h2>
C:\Users\ry2333\Dropbox\School\StudyAbroad\2016\Summer2016\CourseDocuments\EE319KIndiawareMaker\MySetup\EE319KIndiaware\Lab6\Lab6.uvproj
Project File Date:  07/04/2016

<h2>Output:</h2>
Rebuild target 'Lab6'
assembling startup.s...
compiling PLL.c...
compiling ST7735.c...
compiling LCD.c...
compiling IO.c...
compiling Print.c...
compiling Lab6.c...
linking...
Program Size: Code=2964 RO-data=14984 RW-data=44 ZI-data=1028  
".\Lab6.axf" - 0 Errors, 0 Warning(s).
