<html>
<body>
<pre>
<h1>µVision Build Log</h1>
<h2>Project:</h2>
C:\Users\Epik\Desktop\labs\Hw5\Lab6.uvproj
Project File Date:  08/02/2016

<h2>Output:</h2>
Build target 'Lab6'
compiling ST7735.c...
linking...
Program Size: Code=3852 RO-data=2052 RW-data=544 ZI-data=1040  
".\Lab6.axf" - 0 Error(s), 0 Warning(s).
Load "C:\\Users\\Epik\\Desktop\\labs\\Hw5\\Lab6.axf" 
Connecting: Mode=JTAG, Speed=1000000Hz
Connection failed!, error code=&d
Error: Flash Download failed  -  Target DLL has been cancelled
Load "C:\\Users\\Epik\\Desktop\\labs\\Hw5\\Lab6.axf" 
Connecting: Mode=JTAG, Speed=1000000Hz
Erase Done.
Programming Done.
Verify OK.
g Done.
Verify OK.
